---
source: crates/clean-compiler/tests/corpus_smoke.rs
expression: rendered
---
total 689 | parse-clean 61 | expected-diagnostic 1 | out-of-surface 627
out-of-surface      advanced/async/19_async_basic.cln
out-of-surface      advanced/async/20_async_parallel.cln
out-of-surface      advanced/async/52_async_keywords.cln
out-of-surface      advanced/memory/24_memory_management.cln
out-of-surface      advanced/modules/53_import_export_blocks.cln
out-of-surface      advanced/modules/67_import_export_comprehensive.cln
out-of-surface      ai/ai_metadata_combined.cln
out-of-surface      ai/intent_basic.cln
out-of-surface      ai/source_block.cln
out-of-surface      ai/spec_basic.cln
out-of-surface      bridge/dual-naming-imports.cln
out-of-surface      bridge/later_api_cps.cln
out-of-surface      bridge/later_api_response_props.cln
out-of-surface      bridge/server_sleep.cln
out-of-surface      bridge/time_now_arithmetic.cln
out-of-surface      bridge/void_bridge_no_drop.cln
out-of-surface      bugfixes/always_invariant_enforced_at_method_return.cln
out-of-surface      bugfixes/assignment_unbox_any_for_non_any_target.cln
out-of-surface      bugfixes/callcapability_empty_vtable_emits_unreachable.cln
out-of-surface      bugfixes/canvas_callbacks_exported.cln
out-of-surface      bugfixes/codegen_body_local_call_alloc_leak_in_loop.cln
out-of-surface      bugfixes/codegen_body_local_string_escapes_via_list_push.cln
out-of-surface      bugfixes/codegen_empty_list_zero_capacity_clobbers_neighbor.cln
out-of-surface      bugfixes/codegen_f64_bridge_number_param.cln
out-of-surface      bugfixes/codegen_f64_bridge_return_coercion.cln
out-of-surface      bugfixes/codegen_html_interp_cross_iter_recur.cln
out-of-surface      bugfixes/codegen_nested_if_continuation_dropped.cln
out-of-surface      bugfixes/codegen_number_tostring_in_i32_context.cln
out-of-surface      bugfixes/codegen_outer_merge_inlined_in_nested.cln
out-of-surface      bugfixes/codegen_return_concat_chain_rewritten_to_builder.cln
out-of-surface      bugfixes/codegen_return_undefined_bare_return_no_stack.cln
out-of-surface      bugfixes/codegen_return_undefined_bool_return_no_stack.cln
out-of-surface      bugfixes/codegen_stack_remaining_capability_class_pattern.cln
out-of-surface      bugfixes/codegen_stack_remaining_cross_class_void_from_method_body.cln
out-of-surface      bugfixes/codegen_stack_remaining_static_call_to_sibling_caller.cln
out-of-surface      bugfixes/codegen_stack_remaining_static_call_to_void_method.cln
out-of-surface      bugfixes/codegen_stack_underflow_class_method_409d484628cc.cln
out-of-surface      bugfixes/codegen_string_accum_9op_rhs_transient_builder_pin.cln
out-of-surface      bugfixes/codegen_string_accum_in_if_else_truncation.cln
out-of-surface      bugfixes/codegen_string_accum_non_empty_init_leak.cln
out-of-surface      bugfixes/codegen_string_arg_alias_jsonget_multi_concat.cln
out-of-surface      bugfixes/codegen_substring_clamps_invalid_indices.cln
out-of-surface      bugfixes/codegen_this_method_call_receiver_push.cln
out-of-surface      bugfixes/codegen_unbox_to_i32_string_tag_case.cln
parse-clean         bugfixes/codegen_void_call_with_any_dest_no_store.cln
out-of-surface      bugfixes/com001_capability_class_method_this_receiver.cln
out-of-surface      bugfixes/com001_capability_class_void_method_no_drop.cln
parse-clean         bugfixes/dual_accumulator_with_separator.cln
out-of-surface      bugfixes/e002_namespace_called_as_function.cln
out-of-surface      bugfixes/e007_void_function_if_else_bridge_type.cln
out-of-surface      bugfixes/e010_redirect_in_functions_block.cln
out-of-surface      bugfixes/ef89_method_call_on_local_field_access.cln
out-of-surface      bugfixes/events_block_bare_name_export.cln
out-of-surface      bugfixes/events_block_plugin_shape.cln
out-of-surface      bugfixes/expand_endpoints_oom.cln
out-of-surface      bugfixes/expand_endpoints_oom_branched.cln
out-of-surface      bugfixes/frame_ui_html_empty_body_no_span_cascade_20bf15897ae0.cln
out-of-surface      bugfixes/frame_ui_html_inside_functions_block_5c60dd8b9611.cln
out-of-surface      bugfixes/frame_ui_html_multi_interpolation_row_6b5818c8c013.cln
out-of-surface      bugfixes/frame_ui_html_role_and_interpolation_2bd910ed867b.cln
out-of-surface      bugfixes/frame_ui_html_single_quote_attributes_f967ad3debd1.cln
out-of-surface      bugfixes/hir_singleshot_non_empty_init_dropped.cln
out-of-surface      bugfixes/if_without_else_no_unreachable.cln
out-of-surface      bugfixes/integer_64_literal_roundtrip.cln
out-of-surface      bugfixes/json_get_array_oob_returns_empty_string.cln
out-of-surface      bugfixes/json_get_in_loop_with_accumulator.cln
out-of-surface      bugfixes/json_get_object_unbox_to_string.cln
out-of-surface      bugfixes/json_get_parse_cache.cln
out-of-surface      bugfixes/json_get_parse_cache_interleaved_sources.cln
out-of-surface      bugfixes/json_get_string_browser_target.cln
out-of-surface      bugfixes/json_get_with_rfc8259_escapes.cln
out-of-surface      bugfixes/json_round_trip_nested.cln
out-of-surface      bugfixes/lex001_html_entities_and_unicode.cln
out-of-surface      bugfixes/lexer_brace_alpha_comma_in_string.cln
out-of-surface      bugfixes/lexer_brace_in_string_literal.cln
parse-clean         bugfixes/loop_outer_string_reassign_no_leak.cln
parse-clean         bugfixes/method_call_as_statement.cln
out-of-surface      bugfixes/method_call_with_toplevel_collision.cln
out-of-surface      bugfixes/multiple_break_in_function.cln
out-of-surface      bugfixes/multiple_break_in_while.cln
out-of-surface      bugfixes/multiple_break_indexof.cln
out-of-surface      bugfixes/multiple_break_simple.cln
out-of-surface      bugfixes/parser_spec_c5_unary_binds_tighter_than_power.cln
out-of-surface      bugfixes/plugin_class_spec_cans_wiring.cln
parse-clean         bugfixes/plugin_discovery_target_block_alias_hint.cln
parse-clean         bugfixes/plugin_output_page_boundary.cln
out-of-surface      bugfixes/reset_state_named_restores_initial.cln
out-of-surface      bugfixes/return_any_unboxes_to_concrete.cln
out-of-surface      bugfixes/run002_reset_statement_restores_initial.cln
out-of-surface      bugfixes/runtime_string_to_number_fb5da8d1e4c7.cln
out-of-surface      bugfixes/sem001_constraint_solver_50_data_models.cln
out-of-surface      bugfixes/sem001_request_query_in_functions_block.cln
out-of-surface      bugfixes/sem003_orm_variable_bound_in_function.cln
out-of-surface      bugfixes/sem007_sibling_call_in_stateless_class.cln
out-of-surface      bugfixes/sem011_capability_conformance_named_message.cln
parse-clean         bugfixes/ssr_concat_chain_no_oom.cln
parse-clean         bugfixes/ssr_concat_conditional_helper_no_oom.cln
parse-clean         bugfixes/ssr_concat_in_call_arg_no_oom.cln
parse-clean         bugfixes/ssr_concat_in_loop_no_oom.cln
out-of-surface      bugfixes/ssr_concat_in_loop_no_oom_nested_call.cln
parse-clean         bugfixes/ssr_integer_add_in_call_arg_not_routed.cln
out-of-surface      bugfixes/ssr_method_call_in_accum_intra_method_leak.cln
out-of-surface      bugfixes/ssr_outer_accumulator_mem_scope_wrap.cln
parse-clean         bugfixes/ssr_reclaim_no_live_pointer_corruption.cln
out-of-surface      bugfixes/ssr_singleshot_chain_19_operands.cln
out-of-surface      bugfixes/ssr_singleshot_chain_uses_string_builder.cln
out-of-surface      bugfixes/ssr_singleshot_transient_scope_wrap.cln
out-of-surface      bugfixes/stdlib_list_contains_string_pointer_equality.cln
out-of-surface      bugfixes/syn001_class_body_colon_patterns.cln
out-of-surface      bugfixes/syn001_html_hash_character.cln
out-of-surface      bugfixes/syn001_multiline_pairs_literal.cln
out-of-surface      bugfixes/syn001_orm_query_in_function.cln
out-of-surface      bugfixes/syn001_precision_modifier_no_regression.cln
out-of-surface      bugfixes/syn005_interpolation_method_call.cln
out-of-surface      bugfixes/type_bare_generic_shorthand.cln
out-of-surface      bugfixes/type_nullable_declaration.cln
out-of-surface      bugfixes/typed_emission_stmt_call_bridge_registered_1edabe431cad.cln
out-of-surface      bugfixes/utf8_multibyte_json_get_roundtrip.cln
out-of-surface      bugfixes/vld001_json_namespace_direct_call.cln
out-of-surface      bugfixes/vld004_html_as_response_helper.cln
out-of-surface      canaries/api.cln
out-of-surface      canaries/auth.cln
parse-clean         canaries/canvas.cln
parse-clean         canaries/console.cln
parse-clean         canaries/crypto.cln
out-of-surface      canaries/dashboard_shape.cln
parse-clean         canaries/db.cln
out-of-surface      canaries/email.cln
parse-clean         canaries/env.cln
parse-clean         canaries/file.cln
out-of-surface      canaries/http_client.cln
out-of-surface      canaries/json.cln
parse-clean         canaries/math.cln
out-of-surface      canaries/router.cln
out-of-surface      canaries/session.cln
out-of-surface      canaries/storage.cln
out-of-surface      canaries/time.cln
out-of-surface      canaries/ui.cln
parse-clean         ci/tier1/t1_arithmetic.cln
parse-clean         ci/tier1/t1_comparison_int.cln
parse-clean         ci/tier1/t1_comparison_string.cln
out-of-surface      ci/tier1/t1_empty_start.cln
parse-clean         ci/tier1/t1_logical_ops.cln
parse-clean         ci/tier1/t1_print_boolean.cln
out-of-surface      ci/tier1/t1_print_integer.cln
out-of-surface      ci/tier1/t1_print_number.cln
out-of-surface      ci/tier1/t1_print_string.cln
parse-clean         ci/tier1/t1_reassignment.cln
out-of-surface      ci/tier1/t1_string_concat.cln
out-of-surface      ci/tier1/t1_variable_boolean.cln
out-of-surface      ci/tier1/t1_variable_integer.cln
out-of-surface      ci/tier1/t1_variable_number.cln
out-of-surface      ci/tier1/t1_variable_string.cln
out-of-surface      ci/tier2/t2_break_continue.cln
out-of-surface      ci/tier2/t2_function_params.cln
out-of-surface      ci/tier2/t2_function_return.cln
out-of-surface      ci/tier2/t2_function_string_return.cln
out-of-surface      ci/tier2/t2_function_void.cln
out-of-surface      ci/tier2/t2_if_else.cln
out-of-surface      ci/tier2/t2_if_elseif.cln
out-of-surface      ci/tier2/t2_integer_to_string.cln
out-of-surface      ci/tier2/t2_iterate_range.cln
out-of-surface      ci/tier2/t2_iterate_step.cln
out-of-surface      ci/tier2/t2_mixed_arithmetic.cln
out-of-surface      ci/tier2/t2_modulo.cln
out-of-surface      ci/tier2/t2_multiple_functions.cln
out-of-surface      ci/tier2/t2_nested_if.cln
out-of-surface      ci/tier2/t2_nested_loops.cln
out-of-surface      ci/tier2/t2_number_to_string.cln
out-of-surface      ci/tier2/t2_recursive_function.cln
out-of-surface      ci/tier2/t2_string_interpolation.cln
parse-clean         ci/tier2/t2_unary_minus.cln
out-of-surface      ci/tier2/t2_while_loop.cln
out-of-surface      ci/tier3/t3_class_basic.cln
out-of-surface      ci/tier3/t3_class_inheritance.cln
out-of-surface      ci/tier3/t3_class_methods.cln
out-of-surface      ci/tier3/t3_constant.cln
parse-clean         ci/tier3/t3_list_basic.cln
parse-clean         ci/tier3/t3_math_functions.cln
out-of-surface      ci/tier3/t3_multiline_expr.cln
out-of-surface      ci/tier3/t3_nested_function_calls.cln
out-of-surface      ci/tier3/t3_onError.cln
parse-clean         ci/tier3/t3_string_methods.cln
parse-clean         ci/tier4/MathUtils.cln
out-of-surface      ci/tier4/t4_async_basic.cln
out-of-surface      ci/tier4/t4_generic_list.cln
out-of-surface      ci/tier4/t4_import_module.cln
parse-clean         ci/tier4/t4_matrix_basic.cln
out-of-surface      ci/tier4/t4_pairs_basic.cln
out-of-surface      ci/tier4/t4_pairs_method_calls.cln
out-of-surface      codegen/bridge_reg_001_canvas_no_scene.cln
out-of-surface      codegen/canvas_exports.cln
out-of-surface      codegen/complex_function_concat.cln
out-of-surface      codegen/complex_function_string_ops.cln
out-of-surface      codegen/e007_f64_i32_mismatch.cln
out-of-surface      codegen/expand_component_truncation_regression.cln
out-of-surface      codegen/game_loop_pattern.cln
out-of-surface      codegen/nested_if_else.cln
out-of-surface      codegen/string_compare_ops.cln
out-of-surface      codegen/string_local_in_if_block_method_call.cln
out-of-surface      codegen/unused_return_value.cln
out-of-surface      contracts/ensure_basic.cln
out-of-surface      contracts/require_basic.cln
out-of-surface      contracts/require_multiple.cln
out-of-surface      contracts/require_trap.cln
out-of-surface      contracts/rules_basic.cln
out-of-surface      contracts/rules_trap.cln
out-of-surface      contracts/watch_basic.cln
out-of-surface      control/conditionals/04_if_else_statements.cln
out-of-surface      control/conditionals/05_nested_if_return.cln
out-of-surface      control/conditionals/06_is_not_operator.cln
out-of-surface      control/conditionals/07_consecutive_if_return.cln
parse-clean         control/conditionals/08_stmt_after_nested_if_else.cln
out-of-surface      control/conditionals/09_trailing_stmts_after_nested_if_no_else.cln
out-of-surface      control/loops/05_loop_constructs.cln
out-of-surface      control/loops/consecutive_if_iterate_split.cln
parse-clean         control/loops/else_break_inside_while.cln
out-of-surface      control/loops/iterate_list_number.cln
out-of-surface      control/loops/iterate_list_string.cln
out-of-surface      control/loops/iterate_split_list_string.cln
out-of-surface      control/loops/while_basic.cln
out-of-surface      control/loops/while_boolean_condition.cln
out-of-surface      control/loops/while_nested.cln
out-of-surface      control/loops/while_outer_list_push_escape.cln
out-of-surface      control/loops/while_short_circuit_boundary.cln
parse-clean         control/loops/while_transient_substring_reclaim.cln
out-of-surface      control/loops/while_with_if.cln
parse-clean         core/basics/00_empty_start.cln
parse-clean         core/basics/00_minimal.cln
parse-clean         core/basics/00_minimal_no_strings.cln
parse-clean         core/basics/00_minimal_test.cln
out-of-surface      core/basics/01_hello_world.cln
out-of-surface      core/basics/29_apply_blocks.cln
out-of-surface      core/basics/29_apply_blocks_fixed.cln
out-of-surface      core/basics/56_apply_blocks_comprehensive.cln
out-of-surface      core/basics/56_apply_blocks_simple.cln
out-of-surface      core/basics/61_multiline_expressions.cln
out-of-surface      core/basics/61_multiline_expressions_simple.cln
out-of-surface      core/basics/62_apply_blocks_specification.cln
out-of-surface      core/basics/63_multiline_expressions_spec.cln
out-of-surface      core/basics/90_comments_multiline.cln
out-of-surface      core/basics/91_identifiers_validation.cln
out-of-surface      core/basics/95_apply_blocks_specification.cln
out-of-surface      core/capabilities/001_declare_capability.cln
out-of-surface      core/capabilities/002_capability_with_default_body.cln
out-of-surface      core/capabilities/003_class_claims_capability.cln
out-of-surface      core/capabilities/004_class_claims_multiple_capabilities.cln
out-of-surface      core/capabilities/005_capability_type_as_parameter.cln
out-of-surface      core/capabilities/006_error_missing_method.cln
out-of-surface      core/capabilities/007_error_undefined_capability.cln
out-of-surface      core/capabilities/008_error_signature_mismatch.cln
out-of-surface      core/capabilities/009_dynamic_dispatch.cln
out-of-surface      core/capabilities/010_error_nonconforming_arg.cln
out-of-surface      core/capabilities/011_error_nonconforming_static_arg.cln
out-of-surface      core/capabilities/012_auto_forwarding_persist.cln
out-of-surface      core/capabilities/013_auto_forwarding_general.cln
out-of-surface      core/capabilities/014_auto_forwarding_explicit_override_wins.cln
out-of-surface      core/collections/03_array_operations.cln
out-of-surface      core/collections/list_method_get_isNotEmpty.cln
out-of-surface      core/collections/matrix_operations_comprehensive.cln
out-of-surface      core/number_unary_negate.cln
out-of-surface      core/operators/03_arithmetic_operations.cln
out-of-surface      core/operators/04_comparison_operations.cln
out-of-surface      core/operators/05_logical_operations.cln
out-of-surface      core/types/02_precision_modifiers.cln
out-of-surface      core/types/06_type_conversions.cln
out-of-surface      core/types/07_lists_basic.cln
out-of-surface      core/types/08_matrices.cln
out-of-surface      core/types/09_type_inference.cln
out-of-surface      core/types/30_precision_modifiers.cln
out-of-surface      core/types/34_list_behaviors.cln
out-of-surface      core/types/34_list_behaviors_simple.cln
out-of-surface      core/types/44_type_precision.cln
out-of-surface      core/types/44_type_precision_simple.cln
out-of-surface      core/types/44_type_precision_working.cln
out-of-surface      core/types/45_numeric_literals.cln
out-of-surface      core/types/45_numeric_literals_simple.cln
out-of-surface      core/types/46_matrix_literals.cln
out-of-surface      core/types/46_matrix_literals_simple.cln
out-of-surface      core/types/66_type_precision_spec.cln
out-of-surface      core/types/68_list_behaviors_comprehensive.cln
out-of-surface      core/types/70_type_precision_comprehensive.cln
out-of-surface      core/types/82_matrix_operations_comprehensive.cln
out-of-surface      core/types/91_numeric_method_conversions.cln
out-of-surface      core/types/92_numeric_literals_comprehensive.cln
out-of-surface      core/types/null_literal.cln
out-of-surface      core/types/number_32_precision.cln
out-of-surface      core/variables/02_variables_basic.cln
out-of-surface      debug/double_test.cln
out-of-surface      debug/simple_method_test.cln
out-of-surface      debug/simple_test.cln
out-of-surface      debug/static_method_args_test.cln
out-of-surface      debug/test_nested_simple.cln
out-of-surface      docs/banking.cln
out-of-surface      dsl/endpoints_simple.cln
parse-clean         error_statement/error_statement_traps_with_message.cln
out-of-surface      examples/28_complex_example.cln
out-of-surface      examples/54_integration_test.cln
out-of-surface      examples/75_parser_verification.cln
out-of-surface      examples/99_spec_basic_features.cln
out-of-surface      examples/final_test.cln
out-of-surface      examples/quick_test.cln
out-of-surface      examples/simple_class_test.cln
out-of-surface      examples/simple_method_test.cln
out-of-surface      examples/simple_test.cln
parse-clean         examples/super_minimal.cln
out-of-surface      external/external_basic.cln
out-of-surface      external/external_with_module.cln
expected-diagnostic fail/test_top_level_apply_invalid.cln
out-of-surface      functions/calls/09_method_calls.cln
out-of-surface      functions/calls/10_named_arguments.cln
out-of-surface      functions/declarations/06_function_definitions.cln
out-of-surface      functions/function_references_distinct_values.cln
out-of-surface      future/91_inline_private_visibility.cln
out-of-surface      future/integer_64_edges.cln
out-of-surface      future/reset_statement.cln
out-of-surface      future/state_computed_multi_spec.cln
out-of-surface      future/strings/string_to_number_parsing.cln
out-of-surface      future/validation_basic_validate.cln
out-of-surface      future/validator_basic_validate.cln
out-of-surface      imports/main_deep.cln
out-of-surface      imports/main_multi_import.cln
out-of-surface      imports/main_simple.cln
parse-clean         imports/math_helpers.cln
parse-clean         imports/utils.cln
out-of-surface      integration/comprehensive/10_comprehensive_features.cln
out-of-surface      integration/comprehensive/33_complex_integration.cln
out-of-surface      integration/real_world/calculator_application.cln
out-of-surface      language/async/81_async_comprehensive.cln
out-of-surface      language/classes/07_class_definitions.cln
out-of-surface      language/classes/08_class_inheritance.cln
out-of-surface      language/classes/14_classes_basic.cln
out-of-surface      language/classes/15_classes_inheritance.cln
out-of-surface      language/classes/16_classes_polymorphism.cln
out-of-surface      language/classes/16_classes_polymorphism_fixed.cln
out-of-surface      language/classes/16_classes_polymorphism_new.cln
out-of-surface      language/classes/16_classes_polymorphism_simple.cln
out-of-surface      language/classes/17_constructor_named_args.cln
out-of-surface      language/classes/37_property_assignment.cln
out-of-surface      language/classes/37_property_assignment_simple.cln
out-of-surface      language/classes/38_method_calls_test.cln
out-of-surface      language/classes/41_static_methods_test.cln
out-of-surface      language/classes/49_static_method_calls.cln
out-of-surface      language/classes/49_static_method_calls_simple.cln
out-of-surface      language/classes/80_chained_method_calls.cln
out-of-surface      language/classes/90_this_keyword.cln
out-of-surface      language/classes/91_inline_private_visibility.cln
out-of-surface      language/control_flow/17_control_flow_if.cln
out-of-surface      language/control_flow/18_control_flow_loops.cln
out-of-surface      language/control_flow/36_conditionals.cln
out-of-surface      language/control_flow/36_conditionals_fixed.cln
out-of-surface      language/control_flow/36_conditionals_simple.cln
out-of-surface      language/control_flow/39_conditional_expressions_test.cln
out-of-surface      language/error_handling/21_error_handling_try_catch.cln
out-of-surface      language/error_handling/22_error_handling_onerror.cln
out-of-surface      language/error_handling/23_error_handling_async.cln
out-of-surface      language/error_handling/40_onerror_test.cln
out-of-surface      language/error_handling/55_error_handling_test.cln
out-of-surface      language/error_handling/58_error_handling_onerror.cln
out-of-surface      language/error_handling/58_error_handling_simple.cln
out-of-surface      language/error_handling/65_error_handling_onerror_spec.cln
out-of-surface      language/error_handling/71_error_handling_onerror_comprehensive.cln
out-of-surface      language/expressions/multiline_expressions_edge_cases.cln
out-of-surface      language/functions/10_functions_basic.cln
out-of-surface      language/functions/11_functions_overloading.cln
out-of-surface      language/functions/12_functions_recursion.cln
out-of-surface      language/functions/13_functions_generics.cln
out-of-surface      language/functions/35_method_style.cln
out-of-surface      language/functions/35_method_style_simple.cln
out-of-surface      language/functions/48_method_style_syntax.cln
out-of-surface      language/functions/48_method_style_syntax_fixed.cln
out-of-surface      language/functions/48_method_style_syntax_simple.cln
out-of-surface      language/functions/59_default_parameters.cln
out-of-surface      language/functions/59_default_parameters_simple.cln
out-of-surface      language/functions/59_default_parameters_working.cln
out-of-surface      language/functions/60_automatic_return.cln
out-of-surface      language/functions/64_default_parameters_spec.cln
out-of-surface      language/functions/72_default_parameters_comprehensive.cln
out-of-surface      language/operators/null_coalescing.cln
out-of-surface      language/operators/required_assertion.cln
out-of-surface      language/state_management/01_state_basic.cln
out-of-surface      language/state_management/02_state_const_init.cln
out-of-surface      language/state_management/03_state_expr_init.cln
out-of-surface      language/state_management/04_state_guard.cln
out-of-surface      language/state_management/05_state_computed.cln
out-of-surface      language/state_management/06_state_computed_multi.cln
out-of-surface      language/state_management/reset_statement.cln
out-of-surface      language/strings/test_string_interpolation.cln
out-of-surface      language/testing/testing_framework_comprehensive.cln
out-of-surface      language/validation/validator_basic.cln
out-of-surface      loops/if_expression_in_loop.cln
out-of-surface      loops/while_bounce_pattern.cln
out-of-surface      loops/while_function_calls.cln
out-of-surface      loops/while_stack_test.cln
out-of-surface      loops/while_with_if_test.cln
out-of-surface      parser_compliance/01_all_keywords.cln
out-of-surface      parser_compliance/02_numeric_literals.cln
out-of-surface      parser_compliance/02_numeric_literals_simple.cln
out-of-surface      parser_compliance/03_string_features.cln
out-of-surface      parser_compliance/04_type_system.cln
out-of-surface      parser_compliance/05_expressions.cln
out-of-surface      parser_compliance/06_statements.cln
out-of-surface      parser_compliance/07_integer_literal_bases.cln
parse-clean         plugins/abi_stamp/main.cln
parse-clean         plugins/abi_stamp_absent/main.cln
parse-clean         plugins/abi_stamp_mismatch/main.cln
parse-clean         plugins/abi_stamp_v2_full_flow/main.cln
parse-clean         plugins/artifacts_v2/main.cln
out-of-surface      plugins/block_comment_isolation.cln
out-of-surface      plugins/build_state_round_trip/main.cln
out-of-surface      plugins/frame-server/bytes_handle_round_trip.cln
out-of-surface      plugins/frame-server/dev_snapshot_import.cln
out-of-surface      plugins/frame_client_class_body.cln
out-of-surface      plugins/host_class_inference/main.cln
out-of-surface      plugins/host_class_warning/main.cln
parse-clean         plugins/hydrate_auto_e2e.cln
out-of-surface      plugins/large_output_round_trip/main.cln
parse-clean         plugins/lifecycle_v2/v1/main.cln
out-of-surface      plugins/lifecycle_v2/v2/main.cln
out-of-surface      plugins/orm_exists_verb.cln
out-of-surface      plugins/orm_find_with_where_binding.cln
out-of-surface      plugins/orm_insert_id_binding.cln
out-of-surface      plugins/orm_insert_no_binding.cln
out-of-surface      plugins/plugin_keywords.cln
out-of-surface      plugins/simple_data.cln
out-of-surface      plugins/start_block_not_dropped.cln
out-of-surface      plugins/test_plugins_block_works.cln
out-of-surface      plugins/test_plugins_syntax_only.cln
out-of-surface      regression/strings/compare_after_allocations.cln
out-of-surface      regression/strings/concat_via_indirect_call.cln
out-of-surface      regression/strings/concat_with_int_and_number_toString.cln
out-of-surface      regression/strings/matches_and_repeat_imports.cln
out-of-surface      regression/strings/substring_in_nested_if_else_break.cln
out-of-surface      spec_compliance/apply_blocks/constant_apply_blocks_spec.cln
out-of-surface      spec_compliance/apply_blocks/function_apply_block_spec.cln
out-of-surface      spec_compliance/apply_blocks/print_apply_blocks_spec.cln
out-of-surface      spec_compliance/apply_blocks/type_apply_blocks_spec.cln
out-of-surface      spec_compliance/async/later_background_spec.cln
out-of-surface      spec_compliance/async/start_keyword_spec.cln
out-of-surface      spec_compliance/classes/always_block_spec.cln
out-of-surface      spec_compliance/classes/base_constructor_spec.cln
out-of-surface      spec_compliance/classes/class001_parent_must_exist.cln
out-of-surface      spec_compliance/classes/class002_unique_fields.cln
out-of-surface      spec_compliance/classes/class003_unique_methods.cln
out-of-surface      spec_compliance/classes/class004_constructor_required.cln
out-of-surface      spec_compliance/classes/class_definition_spec.cln
out-of-surface      spec_compliance/classes/class_fields_spec.cln
out-of-surface      spec_compliance/classes/constructor_spec.cln
out-of-surface      spec_compliance/classes/implicit_context_spec.cln
out-of-surface      spec_compliance/classes/inheritance_chain_spec.cln
out-of-surface      spec_compliance/classes/inheritance_spec.cln
out-of-surface      spec_compliance/classes/method_override_spec.cln
out-of-surface      spec_compliance/classes/methods_spec.cln
out-of-surface      spec_compliance/classes/polymorphism_spec.cln
out-of-surface      spec_compliance/classes/private_class_members_spec.cln
out-of-surface      spec_compliance/classes/static_methods_spec.cln
out-of-surface      spec_compliance/control_flow/conditionals_spec.cln
out-of-surface      spec_compliance/control_flow/if_else_spec.cln
out-of-surface      spec_compliance/control_flow/iterate_collection_spec.cln
out-of-surface      spec_compliance/control_flow/iterate_comprehensive_spec.cln
out-of-surface      spec_compliance/control_flow/iterate_negative_step_spec.cln
out-of-surface      spec_compliance/control_flow/iterate_range_spec.cln
out-of-surface      spec_compliance/control_flow/nested_loops_spec.cln
out-of-surface      spec_compliance/control_flow/range_expressions_spec.cln
out-of-surface      spec_compliance/error_handling/chained_onerror_spec.cln
out-of-surface      spec_compliance/error_handling/error_keyword_spec.cln
out-of-surface      spec_compliance/error_handling/error_propagation_spec.cln
out-of-surface      spec_compliance/error_handling/error_stack_spec.cln
out-of-surface      spec_compliance/error_handling/onerror_spec.cln
out-of-surface      spec_compliance/expressions/arithmetic_operators_spec.cln
out-of-surface      spec_compliance/expressions/comparison_operators_spec.cln
out-of-surface      spec_compliance/expressions/escape_chars.cln
out-of-surface      spec_compliance/expressions/identity_operators_spec.cln
out-of-surface      spec_compliance/expressions/list_indexing_spec.cln
out-of-surface      spec_compliance/expressions/logical_operators_spec.cln
out-of-surface      spec_compliance/expressions/matrix_methods_spec.cln
out-of-surface      spec_compliance/expressions/method_calls_spec.cln
out-of-surface      spec_compliance/expressions/multiline_nested_spec.cln
out-of-surface      spec_compliance/expressions/operator_precedence_spec.cln
parse-clean         spec_compliance/expressions/string_comparison_spec.cln
out-of-surface      spec_compliance/expressions/string_concatenation_spec.cln
out-of-surface      spec_compliance/expressions/string_host_comparison_spec.cln
out-of-surface      spec_compliance/expressions/string_interpolation_edges.cln
out-of-surface      spec_compliance/expressions/ternary_conditional_spec.cln
out-of-surface      spec_compliance/expressions/unary_operators_spec.cln
out-of-surface      spec_compliance/functions/default_params_spec.cln
out-of-surface      spec_compliance/functions/function_declaration_spec.cln
out-of-surface      spec_compliance/functions/function_parameters_spec.cln
out-of-surface      spec_compliance/functions/function_scope_spec.cln
out-of-surface      spec_compliance/functions/functions_block_spec.cln
out-of-surface      spec_compliance/functions/implicit_return_spec.cln
out-of-surface      spec_compliance/functions/input_block_spec.cln
out-of-surface      spec_compliance/functions/named_arguments_spec.cln
out-of-surface      spec_compliance/functions/private_functions_spec.cln
out-of-surface      spec_compliance/functions/recursive_functions_spec.cln
out-of-surface      spec_compliance/functions/return_types_spec.cln
out-of-surface      spec_compliance/generics/generic_fields_spec.cln
out-of-surface      spec_compliance/generics/generic_params_spec.cln
out-of-surface      spec_compliance/generics/generic_return_spec.cln
out-of-surface      spec_compliance/imports/import_block_multiple.cln
out-of-surface      spec_compliance/imports/import_block_single.cln
parse-clean         spec_compliance/imports/math_helpers.cln
parse-clean         spec_compliance/imports/string_helpers.cln
parse-clean         spec_compliance/imports/utils.cln
out-of-surface      spec_compliance/io/input_boolean_spec.cln
out-of-surface      spec_compliance/io/input_integer_spec.cln
out-of-surface      spec_compliance/io/input_number_spec.cln
out-of-surface      spec_compliance/io/input_text_spec.cln
out-of-surface      spec_compliance/io/print_block_spec.cln
out-of-surface      spec_compliance/io/print_newline_spec.cln
out-of-surface      spec_compliance/io/print_no_newline_spec.cln
out-of-surface      spec_compliance/lexical/boolean_literals_spec.cln
out-of-surface      spec_compliance/lexical/comments_spec.cln
out-of-surface      spec_compliance/lexical/escape_sequences_spec.cln
out-of-surface      spec_compliance/lexical/identifiers_spec.cln
out-of-surface      spec_compliance/lexical/integer_literals_spec.cln
out-of-surface      spec_compliance/lexical/keywords_spec.cln
out-of-surface      spec_compliance/lexical/list_literals_spec.cln
out-of-surface      spec_compliance/lexical/matrix_literals_spec.cln
out-of-surface      spec_compliance/lexical/number_literals_spec.cln
out-of-surface      spec_compliance/lexical/numeric_bases_spec.cln
out-of-surface      spec_compliance/lexical/string_interpolation_spec.cln
out-of-surface      spec_compliance/lexical/string_literals_spec.cln
out-of-surface      spec_compliance/plugins/custom_dsl_spec.cln
out-of-surface      spec_compliance/plugins/endpoints_basic_spec.cln
out-of-surface      spec_compliance/plugins/endpoints_framework_spec.cln
out-of-surface      spec_compliance/scope/scope001_declare_before_use.cln
out-of-surface      spec_compliance/scope/scope002_function_scope_isolation.cln
out-of-surface      spec_compliance/scope/scope003_nested_block_scope.cln
out-of-surface      spec_compliance/scope/scope004_watch_state_target.cln
parse-clean         spec_compliance/scope/scope005_screen_state_valid.cln
out-of-surface      spec_compliance/statements/assignment_spec.cln
out-of-surface      spec_compliance/statements/build_block_spec.cln
out-of-surface      spec_compliance/statements/list_assignment_spec.cln
out-of-surface      spec_compliance/statements/property_assignment_spec.cln
parse-clean         spec_compliance/statements/scope005_screen_state_valid.cln
out-of-surface      spec_compliance/statements/state_private_section_spec.cln
out-of-surface      spec_compliance/statements/state_rules_spec.cln
out-of-surface      spec_compliance/statements/uninitialized_declaration_spec.cln
out-of-surface      spec_compliance/statements/variable_declaration_spec.cln
out-of-surface      spec_compliance/stdlib/file_append_spec.cln
out-of-surface      spec_compliance/stdlib/file_delete_spec.cln
out-of-surface      spec_compliance/stdlib/file_exists_spec.cln
out-of-surface      spec_compliance/stdlib/file_lines_spec.cln
out-of-surface      spec_compliance/stdlib/file_read_spec.cln
out-of-surface      spec_compliance/stdlib/file_write_spec.cln
out-of-surface      spec_compliance/stdlib/http_delete_spec.cln
out-of-surface      spec_compliance/stdlib/http_get_spec.cln
out-of-surface      spec_compliance/stdlib/http_patch_spec.cln
out-of-surface      spec_compliance/stdlib/http_post_spec.cln
out-of-surface      spec_compliance/stdlib/http_put_spec.cln
out-of-surface      spec_compliance/stdlib/list_advanced_search_spec.cln
out-of-surface      spec_compliance/stdlib/list_concat_spec.cln
out-of-surface      spec_compliance/stdlib/list_filter_spec.cln
out-of-surface      spec_compliance/stdlib/list_functions_spec.cln
out-of-surface      spec_compliance/stdlib/list_join_spec.cln
out-of-surface      spec_compliance/stdlib/list_map_spec.cln
out-of-surface      spec_compliance/stdlib/list_operations_spec.cln
out-of-surface      spec_compliance/stdlib/list_reduce_spec.cln
out-of-surface      spec_compliance/stdlib/list_reverse_spec.cln
out-of-surface      spec_compliance/stdlib/list_slice_spec.cln
out-of-surface      spec_compliance/stdlib/math_functions_spec.cln
out-of-surface      spec_compliance/stdlib/math_trig_spec.cln
out-of-surface      spec_compliance/stdlib/print_functions_spec.cln
out-of-surface      spec_compliance/stdlib/string_char_ops_spec.cln
out-of-surface      spec_compliance/stdlib/string_concat_spec.cln
out-of-surface      spec_compliance/stdlib/string_functions_spec.cln
out-of-surface      spec_compliance/stdlib/string_padding_spec.cln
out-of-surface      spec_compliance/stdlib/string_replace_all_spec.cln
parse-clean         spec_compliance/stdlib/string_replace_spec.cln
out-of-surface      spec_compliance/stdlib/string_split_spec.cln
out-of-surface      spec_compliance/stdlib/string_substring_spec.cln
out-of-surface      spec_compliance/stdlib/string_trim_spec.cln
out-of-surface      spec_compliance/stdlib/string_upper_lower_spec.cln
out-of-surface      spec_compliance/stdlib/string_validation_spec.cln
out-of-surface      spec_compliance/testing/complex_expr_tests_spec.cln
out-of-surface      spec_compliance/testing/error_tests_spec.cln
out-of-surface      spec_compliance/testing/function_tests_spec.cln
out-of-surface      spec_compliance/testing/method_tests_spec.cln
out-of-surface      spec_compliance/testing/object_tests_spec.cln
out-of-surface      spec_compliance/testing/tests_all_features_spec.cln
out-of-surface      spec_compliance/testing/tests_block_spec.cln
out-of-surface      spec_compliance/testing/tests_comprehensive_spec.cln
out-of-surface      spec_compliance/types/any_generic_spec.cln
out-of-surface      spec_compliance/types/boolean_type_spec.cln
out-of-surface      spec_compliance/types/conversions_round_trip.cln
out-of-surface      spec_compliance/types/core_types_spec.cln
out-of-surface      spec_compliance/types/integer_precision_spec.cln
out-of-surface      spec_compliance/types/integer_type_spec.cln
out-of-surface      spec_compliance/types/list_behavior_enforcement.cln
out-of-surface      spec_compliance/types/list_behaviors_combined_spec.cln
out-of-surface      spec_compliance/types/list_behaviors_spec.cln
out-of-surface      spec_compliance/types/list_type_spec.cln
out-of-surface      spec_compliance/types/matrix_type_spec.cln
out-of-surface      spec_compliance/types/none_literal_spec.cln
out-of-surface      spec_compliance/types/number_precision_spec.cln
out-of-surface      spec_compliance/types/number_type_spec.cln
out-of-surface      spec_compliance/types/pairs_advanced.cln
out-of-surface      spec_compliance/types/pairs_basic_spec.cln
out-of-surface      spec_compliance/types/pairs_type_spec.cln
out-of-surface      spec_compliance/types/string_type_spec.cln
out-of-surface      spec_compliance/types/type_conversions_boolean_spec.cln
out-of-surface      spec_compliance/types/type_conversions_extended_spec.cln
out-of-surface      spec_compliance/types/type_conversions_spec.cln
out-of-surface      spec_compliance/types/type_widening_spec.cln
out-of-surface      spec_compliance/types/uninitialized_vars_spec.cln
out-of-surface      spec_compliance/types/void_type_spec.cln
out-of-surface      stdlib/25_stdlib_functions.cln
out-of-surface      stdlib/25_stdlib_functions_original_modules.cln
out-of-surface      stdlib/32_comprehensive_stdlib.cln
out-of-surface      stdlib/78_list_module_comprehensive.cln
out-of-surface      stdlib/80_host_functions_test.cln
out-of-surface      stdlib/console/50_input_method_syntax.cln
out-of-surface      stdlib/console/57_console_input_comprehensive.cln
out-of-surface      stdlib/console/57_console_input_simple.cln
out-of-surface      stdlib/console/73_console_input_comprehensive.cln
out-of-surface      stdlib/console/96_console_input_comprehensive.cln
out-of-surface      stdlib/console/console_input_comprehensive.cln
out-of-surface      stdlib/http/79_http_module_comprehensive.cln
out-of-surface      stdlib/http/80_http_selective_methods.cln
out-of-surface      stdlib/io/26_io_operations.cln
out-of-surface      stdlib/io/27_http_networking.cln
out-of-surface      stdlib/io/51_http_method_syntax.cln
out-of-surface      stdlib/io/74_file_module_comprehensive.cln
out-of-surface      stdlib/io/75_file_selective_methods.cln
out-of-surface      stdlib/json/any_dot_notation.cln
out-of-surface      stdlib/json/coverage_dataToText_roundtrip.cln
out-of-surface      stdlib/json/coverage_deep_nesting.cln
out-of-surface      stdlib/json/coverage_empty_containers.cln
parse-clean         stdlib/json/coverage_numbers.cln
out-of-surface      stdlib/json/coverage_prettyDataToText_formatting.cln
parse-clean         stdlib/json/coverage_rfc8259_escapes.cln
parse-clean         stdlib/json/coverage_textToData_primitives.cln
parse-clean         stdlib/json/coverage_tryTextToData_null_on_error.cln
out-of-surface      stdlib/json/json_array_get_regression.cln
out-of-surface      stdlib/json/json_array_of_objects_past_zero.cln
out-of-surface      stdlib/json/json_basic.cln
out-of-surface      stdlib/json/json_class_serialize.cln
out-of-surface      stdlib/json/json_encode_after_get.cln
out-of-surface      stdlib/json/json_encode_any_embedded_collection.cln
out-of-surface      stdlib/json/json_encode_any_function_return.cln
out-of-surface      stdlib/json/json_encode_any_return_typed_value.cln
out-of-surface      stdlib/json/json_encode_object_literal_with_expr.cln
out-of-surface      stdlib/json/json_encode_pairs.cln
out-of-surface      stdlib/json/json_encode_primitives.cln
out-of-surface      stdlib/json/json_encode_rfc8259_escapes.cln
out-of-surface      stdlib/json/json_encode_typed_list.cln
out-of-surface      stdlib/json/json_field_access_bug.cln
out-of-surface      stdlib/json/json_get_dotpath.cln
out-of-surface      stdlib/json/json_get_function_call.cln
out-of-surface      stdlib/json/json_null_only.cln
out-of-surface      stdlib/json/json_pretty_stringify_test.cln
out-of-surface      stdlib/json/json_stringify_comprehensive.cln
out-of-surface      stdlib/json/json_stringify_test.cln
out-of-surface      stdlib/json/test_simple_object.cln
out-of-surface      stdlib/list/list_multiple_distinct_heaps.cln
out-of-surface      stdlib/math/76_math_module_comprehensive.cln
out-of-surface      stdlib/math/93_stdlib_math_comprehensive.cln
out-of-surface      stdlib/math/98_stdlib_math_working.cln
out-of-surface      stdlib/math/99_math_minimal_working.cln
out-of-surface      stdlib/math/random_function.cln
out-of-surface      stdlib/math_random_sign.cln
out-of-surface      stdlib/memory/83_memory_management_comprehensive.cln
out-of-surface      stdlib/string/43_string_interpolation.cln
out-of-surface      stdlib/string/47_string_interpolation.cln
out-of-surface      stdlib/string/69_string_interpolation_comprehensive.cln
out-of-surface      stdlib/string/77_string_module_comprehensive.cln
out-of-surface      stdlib/string/94_stdlib_string_comprehensive.cln
out-of-surface      stdlib/string/95_substring_multi_assign_concat.cln
out-of-surface      stdlib/string/96_complex_function_returns.cln
out-of-surface      stdlib/string/matches.cln
out-of-surface      stdlib/string/repeat.cln
out-of-surface      stdlib/string/substring_concat_chain.cln
out-of-surface      strings/from_char_code.cln
parse-clean         strings/interpolation.cln
out-of-surface      testing/100_testing_framework_simple.cln
out-of-surface      testing/31_testing_framework.cln
out-of-surface      testing/42_test_framework.cln
out-of-surface      testing/97_testing_framework_comprehensive.cln
out-of-surface      testing/endpoint_test_syntax.cln
out-of-surface      testing/impl_parity_001.cln
out-of-surface      testing/minimal_compliance_test.cln
out-of-surface      testing/specification_compliance_test.cln
out-of-surface      testing/tests_block_basic.cln
out-of-surface      validation/class005_ensure_ordering.cln
out-of-surface      validation/scope005_screen_state_access.cln
out-of-surface      validation/section_order_invalid.cln
out-of-surface      validation/section_order_valid.cln
out-of-surface      validation/syn008_empty_print_block.cln
