---
source: crates/clean-compiler/tests/spec_suite.rs
expression: rendered
---
AST:
[
    Start(
        [
            VarDecl {
                ty: TypeExpr {
                    base: Integer(
                        None,
                    ),
                    optional: false,
                    extra_optionals: [],
                    behaviors: [],
                    span: ByteSpan {
                        start: 8,
                        end: 15,
                    },
                },
                name: "a",
                name_span: ByteSpan {
                    start: 16,
                    end: 17,
                },
                init: Some(
                    Int {
                        value: 42,
                        span: ByteSpan {
                            start: 20,
                            end: 22,
                        },
                    },
                ),
                on_error: None,
                span: ByteSpan {
                    start: 8,
                    end: 23,
                },
            },
            VarDecl {
                ty: TypeExpr {
                    base: Integer(
                        None,
                    ),
                    optional: false,
                    extra_optionals: [],
                    behaviors: [],
                    span: ByteSpan {
                        start: 24,
                        end: 31,
                    },
                },
                name: "h",
                name_span: ByteSpan {
                    start: 32,
                    end: 33,
                },
                init: Some(
                    Int {
                        value: 255,
                        span: ByteSpan {
                            start: 36,
                            end: 40,
                        },
                    },
                ),
                on_error: None,
                span: ByteSpan {
                    start: 24,
                    end: 41,
                },
            },
            VarDecl {
                ty: TypeExpr {
                    base: Integer(
                        None,
                    ),
                    optional: false,
                    extra_optionals: [],
                    behaviors: [],
                    span: ByteSpan {
                        start: 42,
                        end: 49,
                    },
                },
                name: "b",
                name_span: ByteSpan {
                    start: 50,
                    end: 51,
                },
                init: Some(
                    Int {
                        value: 5,
                        span: ByteSpan {
                            start: 54,
                            end: 59,
                        },
                    },
                ),
                on_error: None,
                span: ByteSpan {
                    start: 42,
                    end: 60,
                },
            },
            VarDecl {
                ty: TypeExpr {
                    base: Integer(
                        None,
                    ),
                    optional: false,
                    extra_optionals: [],
                    behaviors: [],
                    span: ByteSpan {
                        start: 61,
                        end: 68,
                    },
                },
                name: "o",
                name_span: ByteSpan {
                    start: 69,
                    end: 70,
                },
                init: Some(
                    Int {
                        value: 15,
                        span: ByteSpan {
                            start: 73,
                            end: 77,
                        },
                    },
                ),
                on_error: None,
                span: ByteSpan {
                    start: 61,
                    end: 78,
                },
            },
            VarDecl {
                ty: TypeExpr {
                    base: Number,
                    optional: false,
                    extra_optionals: [],
                    behaviors: [],
                    span: ByteSpan {
                        start: 79,
                        end: 85,
                    },
                },
                name: "n",
                name_span: ByteSpan {
                    start: 86,
                    end: 87,
                },
                init: Some(
                    Number {
                        text: "3.5",
                        span: ByteSpan {
                            start: 90,
                            end: 93,
                        },
                    },
                ),
                on_error: None,
                span: ByteSpan {
                    start: 79,
                    end: 94,
                },
            },
            VarDecl {
                ty: TypeExpr {
                    base: Number,
                    optional: false,
                    extra_optionals: [],
                    behaviors: [],
                    span: ByteSpan {
                        start: 95,
                        end: 101,
                    },
                },
                name: "x",
                name_span: ByteSpan {
                    start: 102,
                    end: 103,
                },
                init: Some(
                    Number {
                        text: "1e10",
                        span: ByteSpan {
                            start: 106,
                            end: 110,
                        },
                    },
                ),
                on_error: None,
                span: ByteSpan {
                    start: 95,
                    end: 111,
                },
            },
            VarDecl {
                ty: TypeExpr {
                    base: Number,
                    optional: false,
                    extra_optionals: [],
                    behaviors: [],
                    span: ByteSpan {
                        start: 112,
                        end: 118,
                    },
                },
                name: "tiny",
                name_span: ByteSpan {
                    start: 119,
                    end: 123,
                },
                init: Some(
                    Number {
                        text: ".25",
                        span: ByteSpan {
                            start: 126,
                            end: 129,
                        },
                    },
                ),
                on_error: None,
                span: ByteSpan {
                    start: 112,
                    end: 130,
                },
            },
            VarDecl {
                ty: TypeExpr {
                    base: String_,
                    optional: false,
                    extra_optionals: [],
                    behaviors: [],
                    span: ByteSpan {
                        start: 131,
                        end: 137,
                    },
                },
                name: "s",
                name_span: ByteSpan {
                    start: 138,
                    end: 139,
                },
                init: Some(
                    Str {
                        segments: [
                            Text(
                                "hi\tthere😀",
                            ),
                        ],
                        span: ByteSpan {
                            start: 142,
                            end: 161,
                        },
                    },
                ),
                on_error: None,
                span: ByteSpan {
                    start: 131,
                    end: 162,
                },
            },
            VarDecl {
                ty: TypeExpr {
                    base: Boolean,
                    optional: false,
                    extra_optionals: [],
                    behaviors: [],
                    span: ByteSpan {
                        start: 163,
                        end: 170,
                    },
                },
                name: "t",
                name_span: ByteSpan {
                    start: 171,
                    end: 172,
                },
                init: Some(
                    Bool {
                        value: true,
                        span: ByteSpan {
                            start: 175,
                            end: 179,
                        },
                    },
                ),
                on_error: None,
                span: ByteSpan {
                    start: 163,
                    end: 180,
                },
            },
            VarDecl {
                ty: TypeExpr {
                    base: Boolean,
                    optional: false,
                    extra_optionals: [],
                    behaviors: [],
                    span: ByteSpan {
                        start: 181,
                        end: 188,
                    },
                },
                name: "f",
                name_span: ByteSpan {
                    start: 189,
                    end: 190,
                },
                init: Some(
                    Bool {
                        value: false,
                        span: ByteSpan {
                            start: 193,
                            end: 198,
                        },
                    },
                ),
                on_error: None,
                span: ByteSpan {
                    start: 181,
                    end: 199,
                },
            },
        ],
    ),
]
DIAGNOSTICS: 0
