---
source: crates/clean-compiler/tests/spec_suite.rs
expression: rendered
---
AST:
[
    Start(
        [
            VarDecl {
                ty: TypeExpr {
                    base: Integer(
                        None,
                    ),
                    optional: true,
                    extra_optionals: [],
                    behaviors: [],
                    span: ByteSpan {
                        start: 8,
                        end: 16,
                    },
                },
                name: "maybe",
                name_span: ByteSpan {
                    start: 17,
                    end: 22,
                },
                init: Some(
                    Int {
                        value: 3,
                        span: ByteSpan {
                            start: 25,
                            end: 26,
                        },
                    },
                ),
                on_error: None,
                span: ByteSpan {
                    start: 8,
                    end: 27,
                },
            },
            VarDecl {
                ty: TypeExpr {
                    base: Integer(
                        None,
                    ),
                    optional: false,
                    extra_optionals: [],
                    behaviors: [],
                    span: ByteSpan {
                        start: 28,
                        end: 35,
                    },
                },
                name: "a",
                name_span: ByteSpan {
                    start: 36,
                    end: 37,
                },
                init: Some(
                    Binary {
                        op: Sub,
                        lhs: Binary {
                            op: Add,
                            lhs: Int {
                                value: 1,
                                span: ByteSpan {
                                    start: 40,
                                    end: 41,
                                },
                            },
                            rhs: Binary {
                                op: Mul,
                                lhs: Int {
                                    value: 2,
                                    span: ByteSpan {
                                        start: 44,
                                        end: 45,
                                    },
                                },
                                rhs: Int {
                                    value: 3,
                                    span: ByteSpan {
                                        start: 48,
                                        end: 49,
                                    },
                                },
                                span: ByteSpan {
                                    start: 44,
                                    end: 49,
                                },
                            },
                            span: ByteSpan {
                                start: 40,
                                end: 49,
                            },
                        },
                        rhs: Binary {
                            op: Rem,
                            lhs: Binary {
                                op: Div,
                                lhs: Int {
                                    value: 4,
                                    span: ByteSpan {
                                        start: 52,
                                        end: 53,
                                    },
                                },
                                rhs: Int {
                                    value: 5,
                                    span: ByteSpan {
                                        start: 56,
                                        end: 57,
                                    },
                                },
                                span: ByteSpan {
                                    start: 52,
                                    end: 57,
                                },
                            },
                            rhs: Int {
                                value: 6,
                                span: ByteSpan {
                                    start: 60,
                                    end: 61,
                                },
                            },
                            span: ByteSpan {
                                start: 52,
                                end: 61,
                            },
                        },
                        span: ByteSpan {
                            start: 40,
                            end: 61,
                        },
                    },
                ),
                on_error: None,
                span: ByteSpan {
                    start: 28,
                    end: 62,
                },
            },
            VarDecl {
                ty: TypeExpr {
                    base: Integer(
                        None,
                    ),
                    optional: false,
                    extra_optionals: [],
                    behaviors: [],
                    span: ByteSpan {
                        start: 63,
                        end: 70,
                    },
                },
                name: "p",
                name_span: ByteSpan {
                    start: 71,
                    end: 72,
                },
                init: Some(
                    Binary {
                        op: Pow,
                        lhs: Int {
                            value: 2,
                            span: ByteSpan {
                                start: 75,
                                end: 76,
                            },
                        },
                        rhs: Binary {
                            op: Pow,
                            lhs: Int {
                                value: 3,
                                span: ByteSpan {
                                    start: 79,
                                    end: 80,
                                },
                            },
                            rhs: Int {
                                value: 2,
                                span: ByteSpan {
                                    start: 83,
                                    end: 84,
                                },
                            },
                            span: ByteSpan {
                                start: 79,
                                end: 84,
                            },
                        },
                        span: ByteSpan {
                            start: 75,
                            end: 84,
                        },
                    },
                ),
                on_error: None,
                span: ByteSpan {
                    start: 63,
                    end: 85,
                },
            },
            VarDecl {
                ty: TypeExpr {
                    base: Boolean,
                    optional: false,
                    extra_optionals: [],
                    behaviors: [],
                    span: ByteSpan {
                        start: 86,
                        end: 93,
                    },
                },
                name: "c",
                name_span: ByteSpan {
                    start: 94,
                    end: 95,
                },
                init: Some(
                    Binary {
                        op: Or,
                        lhs: Binary {
                            op: And,
                            lhs: Binary {
                                op: Lt,
                                lhs: Int {
                                    value: 1,
                                    span: ByteSpan {
                                        start: 98,
                                        end: 99,
                                    },
                                },
                                rhs: Int {
                                    value: 2,
                                    span: ByteSpan {
                                        start: 102,
                                        end: 103,
                                    },
                                },
                                span: ByteSpan {
                                    start: 98,
                                    end: 103,
                                },
                            },
                            rhs: Binary {
                                op: GtEq,
                                lhs: Int {
                                    value: 3,
                                    span: ByteSpan {
                                        start: 108,
                                        end: 109,
                                    },
                                },
                                rhs: Int {
                                    value: 4,
                                    span: ByteSpan {
                                        start: 113,
                                        end: 114,
                                    },
                                },
                                span: ByteSpan {
                                    start: 108,
                                    end: 114,
                                },
                            },
                            span: ByteSpan {
                                start: 98,
                                end: 114,
                            },
                        },
                        rhs: Unary {
                            op: Not,
                            operand: Bool {
                                value: true,
                                span: ByteSpan {
                                    start: 122,
                                    end: 126,
                                },
                            },
                            span: ByteSpan {
                                start: 118,
                                end: 126,
                            },
                        },
                        span: ByteSpan {
                            start: 98,
                            end: 126,
                        },
                    },
                ),
                on_error: None,
                span: ByteSpan {
                    start: 86,
                    end: 127,
                },
            },
            VarDecl {
                ty: TypeExpr {
                    base: Boolean,
                    optional: false,
                    extra_optionals: [],
                    behaviors: [],
                    span: ByteSpan {
                        start: 128,
                        end: 135,
                    },
                },
                name: "e",
                name_span: ByteSpan {
                    start: 136,
                    end: 137,
                },
                init: Some(
                    Binary {
                        op: Or,
                        lhs: Binary {
                            op: Eq,
                            lhs: Ident {
                                name: "a",
                                span: ByteSpan {
                                    start: 140,
                                    end: 141,
                                },
                            },
                            rhs: Int {
                                value: 2,
                                span: ByteSpan {
                                    start: 145,
                                    end: 146,
                                },
                            },
                            span: ByteSpan {
                                start: 140,
                                end: 146,
                            },
                        },
                        rhs: Binary {
                            op: NEq,
                            lhs: Ident {
                                name: "a",
                                span: ByteSpan {
                                    start: 150,
                                    end: 151,
                                },
                            },
                            rhs: Int {
                                value: 3,
                                span: ByteSpan {
                                    start: 155,
                                    end: 156,
                                },
                            },
                            span: ByteSpan {
                                start: 150,
                                end: 156,
                            },
                        },
                        span: ByteSpan {
                            start: 140,
                            end: 156,
                        },
                    },
                ),
                on_error: None,
                span: ByteSpan {
                    start: 128,
                    end: 157,
                },
            },
            VarDecl {
                ty: TypeExpr {
                    base: Boolean,
                    optional: false,
                    extra_optionals: [],
                    behaviors: [],
                    span: ByteSpan {
                        start: 158,
                        end: 165,
                    },
                },
                name: "i",
                name_span: ByteSpan {
                    start: 166,
                    end: 167,
                },
                init: Some(
                    Binary {
                        op: Is,
                        lhs: Ident {
                            name: "a",
                            span: ByteSpan {
                                start: 170,
                                end: 171,
                            },
                        },
                        rhs: Ident {
                            name: "a",
                            span: ByteSpan {
                                start: 175,
                                end: 176,
                            },
                        },
                        span: ByteSpan {
                            start: 170,
                            end: 176,
                        },
                    },
                ),
                on_error: None,
                span: ByteSpan {
                    start: 158,
                    end: 177,
                },
            },
            VarDecl {
                ty: TypeExpr {
                    base: Boolean,
                    optional: false,
                    extra_optionals: [],
                    behaviors: [],
                    span: ByteSpan {
                        start: 178,
                        end: 185,
                    },
                },
                name: "n",
                name_span: ByteSpan {
                    start: 186,
                    end: 187,
                },
                init: Some(
                    Binary {
                        op: NotIs,
                        lhs: Ident {
                            name: "a",
                            span: ByteSpan {
                                start: 190,
                                end: 191,
                            },
                        },
                        rhs: Ident {
                            name: "a",
                            span: ByteSpan {
                                start: 196,
                                end: 197,
                            },
                        },
                        span: ByteSpan {
                            start: 190,
                            end: 197,
                        },
                    },
                ),
                on_error: None,
                span: ByteSpan {
                    start: 178,
                    end: 198,
                },
            },
            VarDecl {
                ty: TypeExpr {
                    base: Integer(
                        None,
                    ),
                    optional: false,
                    extra_optionals: [],
                    behaviors: [],
                    span: ByteSpan {
                        start: 199,
                        end: 206,
                    },
                },
                name: "d",
                name_span: ByteSpan {
                    start: 207,
                    end: 208,
                },
                init: Some(
                    Binary {
                        op: Default,
                        lhs: Ident {
                            name: "maybe",
                            span: ByteSpan {
                                start: 211,
                                end: 216,
                            },
                        },
                        rhs: Int {
                            value: 7,
                            span: ByteSpan {
                                start: 225,
                                end: 226,
                            },
                        },
                        span: ByteSpan {
                            start: 211,
                            end: 226,
                        },
                    },
                ),
                on_error: None,
                span: ByteSpan {
                    start: 199,
                    end: 227,
                },
            },
            VarDecl {
                ty: TypeExpr {
                    base: Integer(
                        None,
                    ),
                    optional: false,
                    extra_optionals: [],
                    behaviors: [],
                    span: ByteSpan {
                        start: 228,
                        end: 235,
                    },
                },
                name: "f",
                name_span: ByteSpan {
                    start: 236,
                    end: 237,
                },
                init: Some(
                    OnError {
                        value: Call {
                            callee: Ident {
                                name: "risky",
                                span: ByteSpan {
                                    start: 240,
                                    end: 245,
                                },
                            },
                            args: [],
                            span: ByteSpan {
                                start: 240,
                                end: 247,
                            },
                        },
                        fallback: Int {
                            value: 0,
                            span: ByteSpan {
                                start: 256,
                                end: 257,
                            },
                        },
                        span: ByteSpan {
                            start: 240,
                            end: 257,
                        },
                    },
                ),
                on_error: None,
                span: ByteSpan {
                    start: 228,
                    end: 258,
                },
            },
        ],
    ),
]
DIAGNOSTICS: 1
  SEM019 spec/06-expressions/precedence_ladder.cln:10:14 I cannot find a function named `risky`
UNSUPPORTED: 0
