---
source: crates/clean-compiler/tests/spec_suite.rs
expression: rendered
---
AST:
[
    Start(
        [
            VarDecl {
                ty: TypeExpr {
                    base: Integer(
                        None,
                    ),
                    optional: false,
                    extra_optionals: [],
                    behaviors: [],
                    span: ByteSpan {
                        start: 8,
                        end: 15,
                    },
                },
                name: "a",
                init: Some(
                    Binary {
                        op: Sub,
                        lhs: Binary {
                            op: Add,
                            lhs: Int {
                                value: 1,
                                span: ByteSpan {
                                    start: 20,
                                    end: 21,
                                },
                            },
                            rhs: Binary {
                                op: Mul,
                                lhs: Int {
                                    value: 2,
                                    span: ByteSpan {
                                        start: 24,
                                        end: 25,
                                    },
                                },
                                rhs: Int {
                                    value: 3,
                                    span: ByteSpan {
                                        start: 28,
                                        end: 29,
                                    },
                                },
                                span: ByteSpan {
                                    start: 24,
                                    end: 29,
                                },
                            },
                            span: ByteSpan {
                                start: 20,
                                end: 29,
                            },
                        },
                        rhs: Binary {
                            op: Rem,
                            lhs: Binary {
                                op: Div,
                                lhs: Int {
                                    value: 4,
                                    span: ByteSpan {
                                        start: 32,
                                        end: 33,
                                    },
                                },
                                rhs: Int {
                                    value: 5,
                                    span: ByteSpan {
                                        start: 36,
                                        end: 37,
                                    },
                                },
                                span: ByteSpan {
                                    start: 32,
                                    end: 37,
                                },
                            },
                            rhs: Int {
                                value: 6,
                                span: ByteSpan {
                                    start: 40,
                                    end: 41,
                                },
                            },
                            span: ByteSpan {
                                start: 32,
                                end: 41,
                            },
                        },
                        span: ByteSpan {
                            start: 20,
                            end: 41,
                        },
                    },
                ),
                span: ByteSpan {
                    start: 8,
                    end: 42,
                },
            },
            VarDecl {
                ty: TypeExpr {
                    base: Integer(
                        None,
                    ),
                    optional: false,
                    extra_optionals: [],
                    behaviors: [],
                    span: ByteSpan {
                        start: 43,
                        end: 50,
                    },
                },
                name: "p",
                init: Some(
                    Binary {
                        op: Pow,
                        lhs: Int {
                            value: 2,
                            span: ByteSpan {
                                start: 55,
                                end: 56,
                            },
                        },
                        rhs: Binary {
                            op: Pow,
                            lhs: Int {
                                value: 3,
                                span: ByteSpan {
                                    start: 59,
                                    end: 60,
                                },
                            },
                            rhs: Int {
                                value: 2,
                                span: ByteSpan {
                                    start: 63,
                                    end: 64,
                                },
                            },
                            span: ByteSpan {
                                start: 59,
                                end: 64,
                            },
                        },
                        span: ByteSpan {
                            start: 55,
                            end: 64,
                        },
                    },
                ),
                span: ByteSpan {
                    start: 43,
                    end: 65,
                },
            },
            VarDecl {
                ty: TypeExpr {
                    base: Boolean,
                    optional: false,
                    extra_optionals: [],
                    behaviors: [],
                    span: ByteSpan {
                        start: 66,
                        end: 73,
                    },
                },
                name: "c",
                init: Some(
                    Binary {
                        op: Or,
                        lhs: Binary {
                            op: And,
                            lhs: Binary {
                                op: Lt,
                                lhs: Int {
                                    value: 1,
                                    span: ByteSpan {
                                        start: 78,
                                        end: 79,
                                    },
                                },
                                rhs: Int {
                                    value: 2,
                                    span: ByteSpan {
                                        start: 82,
                                        end: 83,
                                    },
                                },
                                span: ByteSpan {
                                    start: 78,
                                    end: 83,
                                },
                            },
                            rhs: Binary {
                                op: GtEq,
                                lhs: Int {
                                    value: 3,
                                    span: ByteSpan {
                                        start: 88,
                                        end: 89,
                                    },
                                },
                                rhs: Int {
                                    value: 4,
                                    span: ByteSpan {
                                        start: 93,
                                        end: 94,
                                    },
                                },
                                span: ByteSpan {
                                    start: 88,
                                    end: 94,
                                },
                            },
                            span: ByteSpan {
                                start: 78,
                                end: 94,
                            },
                        },
                        rhs: Unary {
                            op: Not,
                            operand: Bool {
                                value: true,
                                span: ByteSpan {
                                    start: 102,
                                    end: 106,
                                },
                            },
                            span: ByteSpan {
                                start: 98,
                                end: 106,
                            },
                        },
                        span: ByteSpan {
                            start: 78,
                            end: 106,
                        },
                    },
                ),
                span: ByteSpan {
                    start: 66,
                    end: 107,
                },
            },
            VarDecl {
                ty: TypeExpr {
                    base: Boolean,
                    optional: false,
                    extra_optionals: [],
                    behaviors: [],
                    span: ByteSpan {
                        start: 108,
                        end: 115,
                    },
                },
                name: "e",
                init: Some(
                    Binary {
                        op: Or,
                        lhs: Binary {
                            op: Eq,
                            lhs: Ident {
                                name: "a",
                                span: ByteSpan {
                                    start: 120,
                                    end: 121,
                                },
                            },
                            rhs: Int {
                                value: 2,
                                span: ByteSpan {
                                    start: 125,
                                    end: 126,
                                },
                            },
                            span: ByteSpan {
                                start: 120,
                                end: 126,
                            },
                        },
                        rhs: Binary {
                            op: NEq,
                            lhs: Ident {
                                name: "a",
                                span: ByteSpan {
                                    start: 130,
                                    end: 131,
                                },
                            },
                            rhs: Int {
                                value: 3,
                                span: ByteSpan {
                                    start: 135,
                                    end: 136,
                                },
                            },
                            span: ByteSpan {
                                start: 130,
                                end: 136,
                            },
                        },
                        span: ByteSpan {
                            start: 120,
                            end: 136,
                        },
                    },
                ),
                span: ByteSpan {
                    start: 108,
                    end: 137,
                },
            },
            VarDecl {
                ty: TypeExpr {
                    base: Boolean,
                    optional: false,
                    extra_optionals: [],
                    behaviors: [],
                    span: ByteSpan {
                        start: 138,
                        end: 145,
                    },
                },
                name: "i",
                init: Some(
                    Binary {
                        op: Is,
                        lhs: Ident {
                            name: "a",
                            span: ByteSpan {
                                start: 150,
                                end: 151,
                            },
                        },
                        rhs: Ident {
                            name: "a",
                            span: ByteSpan {
                                start: 155,
                                end: 156,
                            },
                        },
                        span: ByteSpan {
                            start: 150,
                            end: 156,
                        },
                    },
                ),
                span: ByteSpan {
                    start: 138,
                    end: 157,
                },
            },
            VarDecl {
                ty: TypeExpr {
                    base: Boolean,
                    optional: false,
                    extra_optionals: [],
                    behaviors: [],
                    span: ByteSpan {
                        start: 158,
                        end: 165,
                    },
                },
                name: "n",
                init: Some(
                    Binary {
                        op: NotIs,
                        lhs: Ident {
                            name: "a",
                            span: ByteSpan {
                                start: 170,
                                end: 171,
                            },
                        },
                        rhs: Ident {
                            name: "a",
                            span: ByteSpan {
                                start: 176,
                                end: 177,
                            },
                        },
                        span: ByteSpan {
                            start: 170,
                            end: 177,
                        },
                    },
                ),
                span: ByteSpan {
                    start: 158,
                    end: 178,
                },
            },
            VarDecl {
                ty: TypeExpr {
                    base: Integer(
                        None,
                    ),
                    optional: false,
                    extra_optionals: [],
                    behaviors: [],
                    span: ByteSpan {
                        start: 179,
                        end: 186,
                    },
                },
                name: "d",
                init: Some(
                    Binary {
                        op: Default,
                        lhs: Ident {
                            name: "maybe",
                            span: ByteSpan {
                                start: 191,
                                end: 196,
                            },
                        },
                        rhs: Int {
                            value: 7,
                            span: ByteSpan {
                                start: 205,
                                end: 206,
                            },
                        },
                        span: ByteSpan {
                            start: 191,
                            end: 206,
                        },
                    },
                ),
                span: ByteSpan {
                    start: 179,
                    end: 207,
                },
            },
            VarDecl {
                ty: TypeExpr {
                    base: Integer(
                        None,
                    ),
                    optional: false,
                    extra_optionals: [],
                    behaviors: [],
                    span: ByteSpan {
                        start: 208,
                        end: 215,
                    },
                },
                name: "f",
                init: Some(
                    OnError {
                        value: Call {
                            callee: Ident {
                                name: "risky",
                                span: ByteSpan {
                                    start: 220,
                                    end: 225,
                                },
                            },
                            args: [],
                            span: ByteSpan {
                                start: 220,
                                end: 227,
                            },
                        },
                        fallback: Int {
                            value: 0,
                            span: ByteSpan {
                                start: 236,
                                end: 237,
                            },
                        },
                        span: ByteSpan {
                            start: 220,
                            end: 237,
                        },
                    },
                ),
                span: ByteSpan {
                    start: 208,
                    end: 238,
                },
            },
        ],
    ),
]
DIAGNOSTICS: 0
