---
source: crates/clean-compiler/tests/spec_suite.rs
expression: rendered
---
AST:
[
    Functions(
        [
            Function {
                ret: TypeExpr {
                    base: Void,
                    optional: false,
                    extra_optionals: [],
                    behaviors: [],
                    span: ByteSpan {
                        start: 12,
                        end: 16,
                    },
                },
                name: "total",
                params: [
                    Param {
                        ty: TypeExpr {
                            base: Integer(
                                None,
                            ),
                            optional: false,
                            extra_optionals: [],
                            behaviors: [],
                            span: ByteSpan {
                                start: 23,
                                end: 30,
                            },
                        },
                        name: "n",
                        default: None,
                        span: ByteSpan {
                            start: 23,
                            end: 32,
                        },
                    },
                ],
                background: false,
                public: false,
                body: FunctionBody {
                    description: None,
                    input: [],
                    intents: [],
                    specs: [],
                    before: None,
                    after: None,
                    statements: [
                        Return {
                            value: None,
                            span: ByteSpan {
                                start: 36,
                                end: 43,
                            },
                        },
                    ],
                },
                span: ByteSpan {
                    start: 12,
                    end: 44,
                },
            },
        ],
    ),
    Start(
        [
            VarDecl {
                ty: TypeExpr {
                    base: Integer(
                        None,
                    ),
                    optional: false,
                    extra_optionals: [],
                    behaviors: [],
                    span: ByteSpan {
                        start: 52,
                        end: 59,
                    },
                },
                name: "count",
                name_span: ByteSpan {
                    start: 60,
                    end: 65,
                },
                init: Some(
                    Int {
                        value: 0,
                        span: ByteSpan {
                            start: 68,
                            end: 69,
                        },
                    },
                ),
                on_error: None,
                span: ByteSpan {
                    start: 52,
                    end: 70,
                },
            },
            Assign {
                target: Ident {
                    name: "count",
                    span: ByteSpan {
                        start: 71,
                        end: 76,
                    },
                },
                value: Binary {
                    op: Add,
                    lhs: Ident {
                        name: "count",
                        span: ByteSpan {
                            start: 79,
                            end: 84,
                        },
                    },
                    rhs: Int {
                        value: 1,
                        span: ByteSpan {
                            start: 87,
                            end: 88,
                        },
                    },
                    span: ByteSpan {
                        start: 79,
                        end: 88,
                    },
                },
                on_error: None,
                span: ByteSpan {
                    start: 71,
                    end: 89,
                },
            },
            Assign {
                target: Index {
                    receiver: Ident {
                        name: "items",
                        span: ByteSpan {
                            start: 90,
                            end: 95,
                        },
                    },
                    index: Int {
                        value: 0,
                        span: ByteSpan {
                            start: 96,
                            end: 97,
                        },
                    },
                    span: ByteSpan {
                        start: 90,
                        end: 98,
                    },
                },
                value: Int {
                    value: 5,
                    span: ByteSpan {
                        start: 101,
                        end: 102,
                    },
                },
                on_error: None,
                span: ByteSpan {
                    start: 90,
                    end: 103,
                },
            },
            Assign {
                target: Member {
                    receiver: Ident {
                        name: "user",
                        span: ByteSpan {
                            start: 104,
                            end: 108,
                        },
                    },
                    name: "name",
                    span: ByteSpan {
                        start: 104,
                        end: 113,
                    },
                },
                value: Str {
                    segments: [
                        Text(
                            "ada",
                        ),
                    ],
                    span: ByteSpan {
                        start: 116,
                        end: 121,
                    },
                },
                on_error: None,
                span: ByteSpan {
                    start: 104,
                    end: 122,
                },
            },
            Expr {
                expr: Call {
                    callee: Ident {
                        name: "total",
                        span: ByteSpan {
                            start: 123,
                            end: 128,
                        },
                    },
                    args: [
                        Int {
                            value: 1,
                            span: ByteSpan {
                                start: 129,
                                end: 130,
                            },
                        },
                    ],
                    span: ByteSpan {
                        start: 123,
                        end: 131,
                    },
                },
                on_error: None,
            },
            Return {
                value: None,
                span: ByteSpan {
                    start: 133,
                    end: 140,
                },
            },
        ],
    ),
]
DIAGNOSTICS: 0
UNSUPPORTED: 2
  member/index assignment targets @ spec/07-statements/statement_forms.cln:8:2
  member/index assignment targets @ spec/07-statements/statement_forms.cln:9:2
