---
source: crates/clean-compiler/tests/spec_suite.rs
expression: rendered
---
AST:
[
    Functions(
        [
            Function {
                ret: TypeExpr {
                    base: Integer(
                        None,
                    ),
                    optional: false,
                    extra_optionals: [],
                    behaviors: [],
                    span: ByteSpan {
                        start: 12,
                        end: 19,
                    },
                },
                name: "withdraw",
                params: [
                    Param {
                        ty: TypeExpr {
                            base: Integer(
                                None,
                            ),
                            optional: false,
                            extra_optionals: [],
                            behaviors: [],
                            span: ByteSpan {
                                start: 29,
                                end: 36,
                            },
                        },
                        name: "amount",
                        default: None,
                        span: ByteSpan {
                            start: 29,
                            end: 43,
                        },
                    },
                    Param {
                        ty: TypeExpr {
                            base: Integer(
                                None,
                            ),
                            optional: false,
                            extra_optionals: [],
                            behaviors: [],
                            span: ByteSpan {
                                start: 45,
                                end: 52,
                            },
                        },
                        name: "balance",
                        default: None,
                        span: ByteSpan {
                            start: 45,
                            end: 60,
                        },
                    },
                ],
                background: false,
                public: false,
                body: FunctionBody {
                    description: None,
                    input: [],
                    intents: [],
                    specs: [],
                    before: Some(
                        ContractBlock {
                            exprs: [
                                Binary {
                                    op: Gt,
                                    lhs: Ident {
                                        name: "amount",
                                        span: ByteSpan {
                                            start: 75,
                                            end: 81,
                                        },
                                    },
                                    rhs: Int {
                                        value: 0,
                                        span: ByteSpan {
                                            start: 84,
                                            end: 85,
                                        },
                                    },
                                    span: ByteSpan {
                                        start: 75,
                                        end: 85,
                                    },
                                },
                                Binary {
                                    op: LtEq,
                                    lhs: Ident {
                                        name: "amount",
                                        span: ByteSpan {
                                            start: 89,
                                            end: 95,
                                        },
                                    },
                                    rhs: Ident {
                                        name: "balance",
                                        span: ByteSpan {
                                            start: 99,
                                            end: 106,
                                        },
                                    },
                                    span: ByteSpan {
                                        start: 89,
                                        end: 106,
                                    },
                                },
                            ],
                            span: ByteSpan {
                                start: 64,
                                end: 109,
                            },
                        },
                    ),
                    after: Some(
                        ContractBlock {
                            exprs: [
                                Binary {
                                    op: GtEq,
                                    lhs: ResultRef {
                                        span: ByteSpan {
                                            start: 119,
                                            end: 125,
                                        },
                                    },
                                    rhs: Int {
                                        value: 0,
                                        span: ByteSpan {
                                            start: 129,
                                            end: 130,
                                        },
                                    },
                                    span: ByteSpan {
                                        start: 119,
                                        end: 130,
                                    },
                                },
                            ],
                            span: ByteSpan {
                                start: 109,
                                end: 133,
                            },
                        },
                    ),
                    statements: [
                        Return {
                            value: Some(
                                Ident {
                                    name: "amount",
                                    span: ByteSpan {
                                        start: 140,
                                        end: 146,
                                    },
                                },
                            ),
                            span: ByteSpan {
                                start: 133,
                                end: 147,
                            },
                        },
                    ],
                },
                span: ByteSpan {
                    start: 12,
                    end: 147,
                },
            },
        ],
    ),
]
DIAGNOSTICS: 0
UNSUPPORTED: 0
