---
source: crates/clean-compiler/tests/spec_suite.rs
expression: rendered
---
AST:
[
    Functions(
        [
            Function {
                ret: TypeExpr {
                    base: Integer(
                        None,
                    ),
                    optional: false,
                    extra_optionals: [],
                    behaviors: [],
                    span: ByteSpan {
                        start: 12,
                        end: 19,
                    },
                },
                name: "add",
                params: [
                    Param {
                        ty: TypeExpr {
                            base: Integer(
                                None,
                            ),
                            optional: false,
                            extra_optionals: [],
                            behaviors: [],
                            span: ByteSpan {
                                start: 24,
                                end: 31,
                            },
                        },
                        name: "a",
                        default: None,
                        span: ByteSpan {
                            start: 24,
                            end: 33,
                        },
                    },
                    Param {
                        ty: TypeExpr {
                            base: Integer(
                                None,
                            ),
                            optional: false,
                            extra_optionals: [],
                            behaviors: [],
                            span: ByteSpan {
                                start: 35,
                                end: 42,
                            },
                        },
                        name: "b",
                        default: None,
                        span: ByteSpan {
                            start: 35,
                            end: 44,
                        },
                    },
                ],
                background: false,
                public: false,
                body: FunctionBody {
                    description: None,
                    input: [],
                    intents: [],
                    specs: [],
                    before: None,
                    after: None,
                    statements: [
                        Return {
                            value: Some(
                                Binary {
                                    op: Add,
                                    lhs: Ident {
                                        name: "a",
                                        span: ByteSpan {
                                            start: 55,
                                            end: 56,
                                        },
                                    },
                                    rhs: Ident {
                                        name: "b",
                                        span: ByteSpan {
                                            start: 59,
                                            end: 60,
                                        },
                                    },
                                    span: ByteSpan {
                                        start: 55,
                                        end: 60,
                                    },
                                },
                            ),
                            span: ByteSpan {
                                start: 48,
                                end: 61,
                            },
                        },
                    ],
                },
                span: ByteSpan {
                    start: 12,
                    end: 62,
                },
            },
        ],
    ),
    Tests(
        [
            Named {
                description: "adds small numbers",
                assertion: Binary {
                    op: Eq,
                    lhs: Call {
                        callee: Ident {
                            name: "add",
                            span: ByteSpan {
                                start: 92,
                                end: 95,
                            },
                        },
                        args: [
                            Int {
                                value: 1,
                                span: ByteSpan {
                                    start: 96,
                                    end: 97,
                                },
                            },
                            Int {
                                value: 2,
                                span: ByteSpan {
                                    start: 99,
                                    end: 100,
                                },
                            },
                        ],
                        span: ByteSpan {
                            start: 92,
                            end: 101,
                        },
                    },
                    rhs: Int {
                        value: 3,
                        span: ByteSpan {
                            start: 105,
                            end: 106,
                        },
                    },
                    span: ByteSpan {
                        start: 92,
                        end: 106,
                    },
                },
                span: ByteSpan {
                    start: 70,
                    end: 107,
                },
            },
            Anonymous {
                assertion: Binary {
                    op: Eq,
                    lhs: Call {
                        callee: Ident {
                            name: "add",
                            span: ByteSpan {
                                start: 108,
                                end: 111,
                            },
                        },
                        args: [
                            Int {
                                value: 0,
                                span: ByteSpan {
                                    start: 112,
                                    end: 113,
                                },
                            },
                            Int {
                                value: 0,
                                span: ByteSpan {
                                    start: 115,
                                    end: 116,
                                },
                            },
                        ],
                        span: ByteSpan {
                            start: 108,
                            end: 117,
                        },
                    },
                    rhs: Int {
                        value: 0,
                        span: ByteSpan {
                            start: 121,
                            end: 122,
                        },
                    },
                    span: ByteSpan {
                        start: 108,
                        end: 122,
                    },
                },
                span: ByteSpan {
                    start: 108,
                    end: 123,
                },
            },
            Block {
                description: "stateful scenario",
                body: [
                    VarDecl {
                        ty: TypeExpr {
                            base: Integer(
                                None,
                            ),
                            optional: false,
                            extra_optionals: [],
                            behaviors: [],
                            span: ByteSpan {
                                start: 146,
                                end: 153,
                            },
                        },
                        name: "total",
                        name_span: ByteSpan {
                            start: 154,
                            end: 159,
                        },
                        init: Some(
                            Call {
                                callee: Ident {
                                    name: "add",
                                    span: ByteSpan {
                                        start: 162,
                                        end: 165,
                                    },
                                },
                                args: [
                                    Int {
                                        value: 2,
                                        span: ByteSpan {
                                            start: 166,
                                            end: 167,
                                        },
                                    },
                                    Int {
                                        value: 3,
                                        span: ByteSpan {
                                            start: 169,
                                            end: 170,
                                        },
                                    },
                                ],
                                span: ByteSpan {
                                    start: 162,
                                    end: 171,
                                },
                            },
                        ),
                        on_error: None,
                        span: ByteSpan {
                            start: 146,
                            end: 172,
                        },
                    },
                    Assert {
                        expr: Binary {
                            op: Eq,
                            lhs: Ident {
                                name: "total",
                                span: ByteSpan {
                                    start: 181,
                                    end: 186,
                                },
                            },
                            rhs: Int {
                                value: 5,
                                span: ByteSpan {
                                    start: 190,
                                    end: 191,
                                },
                            },
                            span: ByteSpan {
                                start: 181,
                                end: 191,
                            },
                        },
                        span: ByteSpan {
                            start: 174,
                            end: 192,
                        },
                    },
                    Assert {
                        expr: Binary {
                            op: NEq,
                            lhs: Ident {
                                name: "total",
                                span: ByteSpan {
                                    start: 201,
                                    end: 206,
                                },
                            },
                            rhs: Int {
                                value: 0,
                                span: ByteSpan {
                                    start: 210,
                                    end: 211,
                                },
                            },
                            span: ByteSpan {
                                start: 201,
                                end: 211,
                            },
                        },
                        span: ByteSpan {
                            start: 194,
                            end: 212,
                        },
                    },
                ],
                span: ByteSpan {
                    start: 124,
                    end: 212,
                },
            },
        ],
    ),
]
DIAGNOSTICS: 0
UNSUPPORTED: 0
