---
source: crates/clean-compiler/tests/spec_suite.rs
expression: rendered
---
AST:
[
    Start(
        [
            VarDecl {
                ty: TypeExpr {
                    base: Integer(
                        None,
                    ),
                    optional: false,
                    extra_optionals: [],
                    behaviors: [],
                    span: ByteSpan {
                        start: 8,
                        end: 15,
                    },
                },
                name: "a",
                name_span: ByteSpan {
                    start: 16,
                    end: 17,
                },
                init: Some(
                    Int {
                        value: 2,
                        span: ByteSpan {
                            start: 20,
                            end: 21,
                        },
                    },
                ),
                on_error: None,
                span: ByteSpan {
                    start: 8,
                    end: 22,
                },
            },
            VarDecl {
                ty: TypeExpr {
                    base: Integer(
                        None,
                    ),
                    optional: false,
                    extra_optionals: [],
                    behaviors: [],
                    span: ByteSpan {
                        start: 23,
                        end: 30,
                    },
                },
                name: "count",
                name_span: ByteSpan {
                    start: 31,
                    end: 36,
                },
                init: Some(
                    Int {
                        value: 0,
                        span: ByteSpan {
                            start: 39,
                            end: 40,
                        },
                    },
                ),
                on_error: None,
                span: ByteSpan {
                    start: 23,
                    end: 41,
                },
            },
            VarDecl {
                ty: TypeExpr {
                    base: Integer(
                        None,
                    ),
                    optional: false,
                    extra_optionals: [],
                    behaviors: [],
                    span: ByteSpan {
                        start: 42,
                        end: 49,
                    },
                },
                name: "total",
                name_span: ByteSpan {
                    start: 50,
                    end: 55,
                },
                init: Some(
                    Int {
                        value: 0,
                        span: ByteSpan {
                            start: 58,
                            end: 59,
                        },
                    },
                ),
                on_error: None,
                span: ByteSpan {
                    start: 42,
                    end: 60,
                },
            },
            VarDecl {
                ty: TypeExpr {
                    base: List(
                        TypeExpr {
                            base: Integer(
                                None,
                            ),
                            optional: false,
                            extra_optionals: [],
                            behaviors: [],
                            span: ByteSpan {
                                start: 66,
                                end: 73,
                            },
                        },
                    ),
                    optional: false,
                    extra_optionals: [],
                    behaviors: [],
                    span: ByteSpan {
                        start: 61,
                        end: 74,
                    },
                },
                name: "items",
                name_span: ByteSpan {
                    start: 75,
                    end: 80,
                },
                init: Some(
                    List {
                        items: [
                            Int {
                                value: 1,
                                span: ByteSpan {
                                    start: 84,
                                    end: 85,
                                },
                            },
                            Int {
                                value: 2,
                                span: ByteSpan {
                                    start: 87,
                                    end: 88,
                                },
                            },
                            Int {
                                value: 3,
                                span: ByteSpan {
                                    start: 90,
                                    end: 91,
                                },
                            },
                        ],
                        span: ByteSpan {
                            start: 83,
                            end: 92,
                        },
                    },
                ),
                on_error: None,
                span: ByteSpan {
                    start: 61,
                    end: 93,
                },
            },
            If {
                cond: Binary {
                    op: Gt,
                    lhs: Ident {
                        name: "a",
                        span: ByteSpan {
                            start: 97,
                            end: 98,
                        },
                    },
                    rhs: Int {
                        value: 1,
                        span: ByteSpan {
                            start: 101,
                            end: 102,
                        },
                    },
                    span: ByteSpan {
                        start: 97,
                        end: 102,
                    },
                },
                then: [
                    Return {
                        value: None,
                        span: ByteSpan {
                            start: 105,
                            end: 112,
                        },
                    },
                ],
                else_ifs: [
                    (
                        Binary {
                            op: Eq,
                            lhs: Ident {
                                name: "a",
                                span: ByteSpan {
                                    start: 121,
                                    end: 122,
                                },
                            },
                            rhs: Int {
                                value: 0,
                                span: ByteSpan {
                                    start: 126,
                                    end: 127,
                                },
                            },
                            span: ByteSpan {
                                start: 121,
                                end: 127,
                            },
                        },
                        [
                            Assign {
                                target: Ident {
                                    name: "count",
                                    span: ByteSpan {
                                        start: 130,
                                        end: 135,
                                    },
                                },
                                value: Int {
                                    value: 1,
                                    span: ByteSpan {
                                        start: 138,
                                        end: 139,
                                    },
                                },
                                on_error: None,
                                span: ByteSpan {
                                    start: 130,
                                    end: 140,
                                },
                            },
                        ],
                    ),
                ],
                els: Some(
                    [
                        Assign {
                            target: Ident {
                                name: "count",
                                span: ByteSpan {
                                    start: 148,
                                    end: 153,
                                },
                            },
                            value: Int {
                                value: 2,
                                span: ByteSpan {
                                    start: 156,
                                    end: 157,
                                },
                            },
                            on_error: None,
                            span: ByteSpan {
                                start: 148,
                                end: 158,
                            },
                        },
                    ],
                ),
                span: ByteSpan {
                    start: 94,
                    end: 159,
                },
            },
            Iterate {
                binder: "item",
                binder_span: ByteSpan {
                    start: 167,
                    end: 171,
                },
                source: Expr(
                    Ident {
                        name: "items",
                        span: ByteSpan {
                            start: 175,
                            end: 180,
                        },
                    },
                ),
                step: None,
                body: [
                    Assign {
                        target: Ident {
                            name: "total",
                            span: ByteSpan {
                                start: 183,
                                end: 188,
                            },
                        },
                        value: Binary {
                            op: Add,
                            lhs: Ident {
                                name: "total",
                                span: ByteSpan {
                                    start: 191,
                                    end: 196,
                                },
                            },
                            rhs: Ident {
                                name: "item",
                                span: ByteSpan {
                                    start: 199,
                                    end: 203,
                                },
                            },
                            span: ByteSpan {
                                start: 191,
                                end: 203,
                            },
                        },
                        on_error: None,
                        span: ByteSpan {
                            start: 183,
                            end: 204,
                        },
                    },
                ],
                span: ByteSpan {
                    start: 159,
                    end: 205,
                },
            },
            Iterate {
                binder: "i",
                binder_span: ByteSpan {
                    start: 213,
                    end: 214,
                },
                source: Range {
                    from: Int {
                        value: 1,
                        span: ByteSpan {
                            start: 218,
                            end: 219,
                        },
                    },
                    to: Int {
                        value: 10,
                        span: ByteSpan {
                            start: 223,
                            end: 225,
                        },
                    },
                },
                step: Some(
                    Int {
                        value: 2,
                        span: ByteSpan {
                            start: 231,
                            end: 232,
                        },
                    },
                ),
                body: [
                    If {
                        cond: Binary {
                            op: Eq,
                            lhs: Ident {
                                name: "i",
                                span: ByteSpan {
                                    start: 238,
                                    end: 239,
                                },
                            },
                            rhs: Int {
                                value: 5,
                                span: ByteSpan {
                                    start: 243,
                                    end: 244,
                                },
                            },
                            span: ByteSpan {
                                start: 238,
                                end: 244,
                            },
                        },
                        then: [
                            Break {
                                span: ByteSpan {
                                    start: 248,
                                    end: 253,
                                },
                            },
                        ],
                        else_ifs: [],
                        els: None,
                        span: ByteSpan {
                            start: 235,
                            end: 256,
                        },
                    },
                    Continue {
                        span: ByteSpan {
                            start: 256,
                            end: 264,
                        },
                    },
                ],
                span: ByteSpan {
                    start: 205,
                    end: 266,
                },
            },
            Iterate {
                binder: "r",
                binder_span: ByteSpan {
                    start: 274,
                    end: 275,
                },
                source: Range {
                    from: Int {
                        value: 10,
                        span: ByteSpan {
                            start: 279,
                            end: 281,
                        },
                    },
                    to: Int {
                        value: 1,
                        span: ByteSpan {
                            start: 285,
                            end: 286,
                        },
                    },
                },
                step: Some(
                    Unary {
                        op: Neg,
                        operand: Int {
                            value: 2,
                            span: ByteSpan {
                                start: 293,
                                end: 294,
                            },
                        },
                        span: ByteSpan {
                            start: 292,
                            end: 294,
                        },
                    },
                ),
                body: [
                    Assign {
                        target: Ident {
                            name: "total",
                            span: ByteSpan {
                                start: 297,
                                end: 302,
                            },
                        },
                        value: Binary {
                            op: Add,
                            lhs: Ident {
                                name: "total",
                                span: ByteSpan {
                                    start: 305,
                                    end: 310,
                                },
                            },
                            rhs: Ident {
                                name: "r",
                                span: ByteSpan {
                                    start: 313,
                                    end: 314,
                                },
                            },
                            span: ByteSpan {
                                start: 305,
                                end: 314,
                            },
                        },
                        on_error: None,
                        span: ByteSpan {
                            start: 297,
                            end: 315,
                        },
                    },
                ],
                span: ByteSpan {
                    start: 266,
                    end: 316,
                },
            },
            While {
                cond: Binary {
                    op: Lt,
                    lhs: Ident {
                        name: "count",
                        span: ByteSpan {
                            start: 322,
                            end: 327,
                        },
                    },
                    rhs: Int {
                        value: 10,
                        span: ByteSpan {
                            start: 330,
                            end: 332,
                        },
                    },
                    span: ByteSpan {
                        start: 322,
                        end: 332,
                    },
                },
                body: [
                    Assign {
                        target: Ident {
                            name: "count",
                            span: ByteSpan {
                                start: 335,
                                end: 340,
                            },
                        },
                        value: Binary {
                            op: Add,
                            lhs: Ident {
                                name: "count",
                                span: ByteSpan {
                                    start: 343,
                                    end: 348,
                                },
                            },
                            rhs: Int {
                                value: 1,
                                span: ByteSpan {
                                    start: 351,
                                    end: 352,
                                },
                            },
                            span: ByteSpan {
                                start: 343,
                                end: 352,
                            },
                        },
                        on_error: None,
                        span: ByteSpan {
                            start: 335,
                            end: 353,
                        },
                    },
                ],
                span: ByteSpan {
                    start: 316,
                    end: 353,
                },
            },
        ],
    ),
]
DIAGNOSTICS: 0
UNSUPPORTED: 0
