---
source: crates/clean-compiler/tests/spec_suite.rs
expression: rendered
---
AST:
[
    Class(
        ClassDecl {
            name: "Canvas",
            parent: None,
            capabilities: [],
            fields: [
                Field {
                    ty: TypeExpr {
                        base: Integer(
                            None,
                        ),
                        optional: false,
                        extra_optionals: [],
                        behaviors: [],
                        span: ByteSpan {
                            start: 14,
                            end: 21,
                        },
                    },
                    name: "width",
                    init: None,
                    public: false,
                    span: ByteSpan {
                        start: 14,
                        end: 27,
                    },
                },
            ],
            always: None,
            constructors: [],
            functions: [],
            span: ByteSpan {
                start: 0,
                end: 29,
            },
        },
    ),
    Class(
        ClassDecl {
            name: "Point",
            parent: None,
            capabilities: [],
            fields: [
                Field {
                    ty: TypeExpr {
                        base: Integer(
                            None,
                        ),
                        optional: false,
                        extra_optionals: [],
                        behaviors: [],
                        span: ByteSpan {
                            start: 42,
                            end: 49,
                        },
                    },
                    name: "x",
                    init: None,
                    public: false,
                    span: ByteSpan {
                        start: 42,
                        end: 51,
                    },
                },
                Field {
                    ty: TypeExpr {
                        base: Integer(
                            None,
                        ),
                        optional: false,
                        extra_optionals: [],
                        behaviors: [],
                        span: ByteSpan {
                            start: 53,
                            end: 60,
                        },
                    },
                    name: "y",
                    init: Some(
                        Int {
                            value: 0,
                            span: ByteSpan {
                                start: 65,
                                end: 66,
                            },
                        },
                    ),
                    public: false,
                    span: ByteSpan {
                        start: 53,
                        end: 66,
                    },
                },
            ],
            always: Some(
                ContractBlock {
                    exprs: [
                        Binary {
                            op: GtEq,
                            lhs: Ident {
                                name: "x",
                                span: ByteSpan {
                                    start: 79,
                                    end: 80,
                                },
                            },
                            rhs: Int {
                                value: 0,
                                span: ByteSpan {
                                    start: 84,
                                    end: 85,
                                },
                            },
                            span: ByteSpan {
                                start: 79,
                                end: 85,
                            },
                        },
                    ],
                    span: ByteSpan {
                        start: 69,
                        end: 88,
                    },
                },
            ),
            constructors: [
                Constructor {
                    params: [
                        Param {
                            ty: TypeExpr {
                                base: Integer(
                                    None,
                                ),
                                optional: false,
                                extra_optionals: [],
                                behaviors: [],
                                span: ByteSpan {
                                    start: 100,
                                    end: 107,
                                },
                            },
                            name: "startX",
                            default: None,
                            span: ByteSpan {
                                start: 100,
                                end: 114,
                            },
                        },
                    ],
                    body: [
                        Assign {
                            target: Ident {
                                name: "x",
                                span: ByteSpan {
                                    start: 118,
                                    end: 119,
                                },
                            },
                            value: Ident {
                                name: "startX",
                                span: ByteSpan {
                                    start: 122,
                                    end: 128,
                                },
                            },
                            on_error: None,
                            span: ByteSpan {
                                start: 118,
                                end: 129,
                            },
                        },
                    ],
                    span: ByteSpan {
                        start: 88,
                        end: 131,
                    },
                },
                Constructor {
                    params: [],
                    body: [
                        Assign {
                            target: Ident {
                                name: "x",
                                span: ByteSpan {
                                    start: 147,
                                    end: 148,
                                },
                            },
                            value: Int {
                                value: 0,
                                span: ByteSpan {
                                    start: 151,
                                    end: 152,
                                },
                            },
                            on_error: None,
                            span: ByteSpan {
                                start: 147,
                                end: 153,
                            },
                        },
                    ],
                    span: ByteSpan {
                        start: 131,
                        end: 155,
                    },
                },
            ],
            functions: [
                Function {
                    ret: TypeExpr {
                        base: Integer(
                            None,
                        ),
                        optional: false,
                        extra_optionals: [],
                        behaviors: [],
                        span: ByteSpan {
                            start: 168,
                            end: 175,
                        },
                    },
                    name: "sum",
                    params: [],
                    background: false,
                    public: false,
                    body: FunctionBody {
                        description: None,
                        input: [],
                        intents: [],
                        specs: [],
                        before: None,
                        after: None,
                        statements: [
                            Return {
                                value: Some(
                                    Binary {
                                        op: Add,
                                        lhs: Ident {
                                            name: "x",
                                            span: ByteSpan {
                                                start: 192,
                                                end: 193,
                                            },
                                        },
                                        rhs: Ident {
                                            name: "y",
                                            span: ByteSpan {
                                                start: 196,
                                                end: 197,
                                            },
                                        },
                                        span: ByteSpan {
                                            start: 192,
                                            end: 197,
                                        },
                                    },
                                ),
                                span: ByteSpan {
                                    start: 185,
                                    end: 198,
                                },
                            },
                        ],
                    },
                    span: ByteSpan {
                        start: 168,
                        end: 200,
                    },
                },
                Function {
                    ret: TypeExpr {
                        base: Void,
                        optional: false,
                        extra_optionals: [],
                        behaviors: [],
                        span: ByteSpan {
                            start: 200,
                            end: 204,
                        },
                    },
                    name: "draw",
                    params: [
                        Param {
                            ty: TypeExpr {
                                base: Named(
                                    "Canvas",
                                ),
                                optional: false,
                                extra_optionals: [],
                                behaviors: [],
                                span: ByteSpan {
                                    start: 210,
                                    end: 216,
                                },
                            },
                            name: "target",
                            default: None,
                            span: ByteSpan {
                                start: 210,
                                end: 223,
                            },
                        },
                    ],
                    background: false,
                    public: false,
                    body: FunctionBody {
                        description: None,
                        input: [],
                        intents: [],
                        specs: [],
                        before: None,
                        after: None,
                        statements: [
                            Return {
                                value: None,
                                span: ByteSpan {
                                    start: 228,
                                    end: 235,
                                },
                            },
                        ],
                    },
                    span: ByteSpan {
                        start: 200,
                        end: 237,
                    },
                },
                Function {
                    ret: TypeExpr {
                        base: Number,
                        optional: false,
                        extra_optionals: [],
                        behaviors: [],
                        span: ByteSpan {
                            start: 237,
                            end: 243,
                        },
                    },
                    name: "area",
                    params: [],
                    background: false,
                    public: false,
                    body: FunctionBody {
                        description: None,
                        input: [],
                        intents: [],
                        specs: [],
                        before: None,
                        after: None,
                        statements: [
                            Return {
                                value: Some(
                                    Number {
                                        text: "0.0",
                                        span: ByteSpan {
                                            start: 261,
                                            end: 264,
                                        },
                                    },
                                ),
                                span: ByteSpan {
                                    start: 254,
                                    end: 265,
                                },
                            },
                        ],
                    },
                    span: ByteSpan {
                        start: 237,
                        end: 267,
                    },
                },
                Function {
                    ret: TypeExpr {
                        base: String_,
                        optional: false,
                        extra_optionals: [],
                        behaviors: [],
                        span: ByteSpan {
                            start: 267,
                            end: 273,
                        },
                    },
                    name: "describe",
                    params: [],
                    background: false,
                    public: false,
                    body: FunctionBody {
                        description: None,
                        input: [],
                        intents: [],
                        specs: [],
                        before: None,
                        after: None,
                        statements: [
                            Return {
                                value: Some(
                                    Str {
                                        segments: [
                                            Text(
                                                "point",
                                            ),
                                        ],
                                        span: ByteSpan {
                                            start: 295,
                                            end: 302,
                                        },
                                    },
                                ),
                                span: ByteSpan {
                                    start: 288,
                                    end: 303,
                                },
                            },
                        ],
                    },
                    span: ByteSpan {
                        start: 267,
                        end: 304,
                    },
                },
            ],
            span: ByteSpan {
                start: 29,
                end: 304,
            },
        },
    ),
    Class(
        ClassDecl {
            name: "Point3",
            parent: Some(
                (
                    "Point",
                    ByteSpan {
                        start: 320,
                        end: 325,
                    },
                ),
            ),
            capabilities: [
                (
                    "Draw",
                    ByteSpan {
                        start: 330,
                        end: 334,
                    },
                ),
                (
                    "Serialize",
                    ByteSpan {
                        start: 336,
                        end: 345,
                    },
                ),
            ],
            fields: [
                Field {
                    ty: TypeExpr {
                        base: Integer(
                            None,
                        ),
                        optional: false,
                        extra_optionals: [],
                        behaviors: [],
                        span: ByteSpan {
                            start: 347,
                            end: 354,
                        },
                    },
                    name: "z",
                    init: None,
                    public: false,
                    span: ByteSpan {
                        start: 347,
                        end: 356,
                    },
                },
            ],
            always: None,
            constructors: [],
            functions: [],
            span: ByteSpan {
                start: 304,
                end: 358,
            },
        },
    ),
    Capability(
        CapabilityDecl {
            name: "Draw",
            signatures: [
                CapabilitySig {
                    name: "draw",
                    params: [
                        Param {
                            ty: TypeExpr {
                                base: Named(
                                    "Canvas",
                                ),
                                optional: false,
                                extra_optionals: [],
                                behaviors: [],
                                span: ByteSpan {
                                    start: 374,
                                    end: 380,
                                },
                            },
                            name: "target",
                            default: None,
                            span: ByteSpan {
                                start: 374,
                                end: 387,
                            },
                        },
                    ],
                    ret: TypeExpr {
                        base: Void,
                        optional: false,
                        extra_optionals: [],
                        behaviors: [],
                        span: ByteSpan {
                            start: 392,
                            end: 396,
                        },
                    },
                    body_span: None,
                    span: ByteSpan {
                        start: 369,
                        end: 396,
                    },
                },
                CapabilitySig {
                    name: "area",
                    params: [],
                    ret: TypeExpr {
                        base: Number,
                        optional: false,
                        extra_optionals: [],
                        behaviors: [],
                        span: ByteSpan {
                            start: 408,
                            end: 414,
                        },
                    },
                    body_span: None,
                    span: ByteSpan {
                        start: 398,
                        end: 414,
                    },
                },
            ],
            span: ByteSpan {
                start: 358,
                end: 416,
            },
        },
    ),
    Capability(
        CapabilityDecl {
            name: "Serialize",
            signatures: [
                CapabilitySig {
                    name: "describe",
                    params: [],
                    ret: TypeExpr {
                        base: String_,
                        optional: false,
                        extra_optionals: [],
                        behaviors: [],
                        span: ByteSpan {
                            start: 446,
                            end: 452,
                        },
                    },
                    body_span: None,
                    span: ByteSpan {
                        start: 432,
                        end: 452,
                    },
                },
            ],
            span: ByteSpan {
                start: 416,
                end: 453,
            },
        },
    ),
]
DIAGNOSTICS: 0
UNSUPPORTED: 3
  field initialisers @ spec/14-classes-and-objects/classes_and_capabilities.cln:6:2
  field assignment @ spec/14-classes-and-objects/classes_and_capabilities.cln:12:3
  field assignment @ spec/14-classes-and-objects/classes_and_capabilities.cln:15:3
