---
source: crates/clean-compiler/tests/spec_suite.rs
expression: rendered
---
AST:
[
    State(
        StateSection {
            members: [
                Var(
                    StateVar {
                        ty: TypeExpr {
                            base: Integer(
                                None,
                            ),
                            optional: false,
                            extra_optionals: [],
                            behaviors: [],
                            span: ByteSpan {
                                start: 8,
                                end: 15,
                            },
                        },
                        name: "counter",
                        init: Int {
                            value: 0,
                            span: ByteSpan {
                                start: 26,
                                end: 27,
                            },
                        },
                        guards: [
                            GuardClause {
                                cond: Binary {
                                    op: GtEq,
                                    lhs: Ident {
                                        name: "counter",
                                        span: ByteSpan {
                                            start: 36,
                                            end: 43,
                                        },
                                    },
                                    rhs: Int {
                                        value: 0,
                                        span: ByteSpan {
                                            start: 47,
                                            end: 48,
                                        },
                                    },
                                    span: ByteSpan {
                                        start: 36,
                                        end: 48,
                                    },
                                },
                                message: "counter cannot go negative",
                                span: ByteSpan {
                                    start: 30,
                                    end: 82,
                                },
                            },
                        ],
                        span: ByteSpan {
                            start: 8,
                            end: 84,
                        },
                    },
                ),
                Var(
                    StateVar {
                        ty: TypeExpr {
                            base: String_,
                            optional: false,
                            extra_optionals: [],
                            behaviors: [],
                            span: ByteSpan {
                                start: 84,
                                end: 90,
                            },
                        },
                        name: "mode",
                        init: Str {
                            segments: [
                                Text(
                                    "idle",
                                ),
                            ],
                            span: ByteSpan {
                                start: 98,
                                end: 104,
                            },
                        },
                        guards: [],
                        span: ByteSpan {
                            start: 84,
                            end: 105,
                        },
                    },
                ),
                Computed(
                    [
                        ComputedDecl {
                            ty: TypeExpr {
                                base: Integer(
                                    None,
                                ),
                                optional: false,
                                extra_optionals: [],
                                behaviors: [],
                                span: ByteSpan {
                                    start: 119,
                                    end: 126,
                                },
                            },
                            name: "doubled",
                            body: [
                                Return {
                                    value: Some(
                                        Binary {
                                            op: Mul,
                                            lhs: Ident {
                                                name: "counter",
                                                span: ByteSpan {
                                                    start: 145,
                                                    end: 152,
                                                },
                                            },
                                            rhs: Int {
                                                value: 2,
                                                span: ByteSpan {
                                                    start: 155,
                                                    end: 156,
                                                },
                                            },
                                            span: ByteSpan {
                                                start: 145,
                                                end: 156,
                                            },
                                        },
                                    ),
                                    span: ByteSpan {
                                        start: 138,
                                        end: 157,
                                    },
                                },
                            ],
                            span: ByteSpan {
                                start: 119,
                                end: 159,
                            },
                        },
                    ],
                ),
                Rules(
                    [
                        Binary {
                            op: LtEq,
                            lhs: Ident {
                                name: "counter",
                                span: ByteSpan {
                                    start: 168,
                                    end: 175,
                                },
                            },
                            rhs: Int {
                                value: 1000,
                                span: ByteSpan {
                                    start: 179,
                                    end: 183,
                                },
                            },
                            span: ByteSpan {
                                start: 168,
                                end: 183,
                            },
                        },
                    ],
                ),
            ],
            span: ByteSpan {
                start: 0,
                end: 185,
            },
        },
    ),
    Functions(
        [
            Function {
                ret: TypeExpr {
                    base: Void,
                    optional: false,
                    extra_optionals: [],
                    behaviors: [],
                    span: ByteSpan {
                        start: 197,
                        end: 201,
                    },
                },
                name: "log",
                params: [
                    Param {
                        ty: TypeExpr {
                            base: String_,
                            optional: false,
                            extra_optionals: [],
                            behaviors: [],
                            span: ByteSpan {
                                start: 206,
                                end: 212,
                            },
                        },
                        name: "message",
                        default: None,
                        span: ByteSpan {
                            start: 206,
                            end: 220,
                        },
                    },
                ],
                background: false,
                public: false,
                body: FunctionBody {
                    description: None,
                    input: [],
                    intents: [],
                    specs: [],
                    before: None,
                    after: None,
                    statements: [
                        Return {
                            value: None,
                            span: ByteSpan {
                                start: 224,
                                end: 231,
                            },
                        },
                    ],
                },
                span: ByteSpan {
                    start: 197,
                    end: 232,
                },
            },
        ],
    ),
    Watch(
        WatchBlock {
            targets: [
                (
                    "counter",
                    ByteSpan {
                        start: 238,
                        end: 245,
                    },
                ),
            ],
            body: [
                Expr {
                    expr: Call {
                        callee: Ident {
                            name: "log",
                            span: ByteSpan {
                                start: 248,
                                end: 251,
                            },
                        },
                        args: [
                            Str {
                                segments: [
                                    Text(
                                        "changed",
                                    ),
                                ],
                                span: ByteSpan {
                                    start: 252,
                                    end: 261,
                                },
                            },
                        ],
                        span: ByteSpan {
                            start: 248,
                            end: 262,
                        },
                    },
                    on_error: None,
                },
            ],
            span: ByteSpan {
                start: 232,
                end: 264,
            },
        },
    ),
    Watch(
        WatchBlock {
            targets: [
                (
                    "counter",
                    ByteSpan {
                        start: 271,
                        end: 278,
                    },
                ),
                (
                    "mode",
                    ByteSpan {
                        start: 280,
                        end: 284,
                    },
                ),
            ],
            body: [
                Expr {
                    expr: Call {
                        callee: Ident {
                            name: "log",
                            span: ByteSpan {
                                start: 288,
                                end: 291,
                            },
                        },
                        args: [
                            Str {
                                segments: [
                                    Text(
                                        "pair changed",
                                    ),
                                ],
                                span: ByteSpan {
                                    start: 292,
                                    end: 306,
                                },
                            },
                        ],
                        span: ByteSpan {
                            start: 288,
                            end: 307,
                        },
                    },
                    on_error: None,
                },
            ],
            span: ByteSpan {
                start: 264,
                end: 308,
            },
        },
    ),
]
DIAGNOSTICS: 0
UNSUPPORTED: 0
